Component: ARM Compiler 5.06 update 7 (build 960) Tool: armlink [4d3601]

==============================================================================

Section Cross References

    main.o(i.__sti___8_main_cpp_BSP) refers to bsp_f450.o(i._ZN8BSP_F450C1Ev) for BSP_F450::BSP_F450()
    main.o(i.__sti___8_main_cpp_BSP) refers to os_timer.o(i._ZN9OS_Timer1C1Ev) for OS_Timer1::OS_Timer1()
    main.o(i.__sti___8_main_cpp_BSP) refers to task_screen.o(i._ZN11TASK_SCREENC1Ev) for TASK_SCREEN::TASK_SCREEN()
    main.o(i.__sti___8_main_cpp_BSP) refers to task_balance.o(i._ZN12TASK_BALANCEC1Ev) for TASK_BALANCE::TASK_BALANCE()
    main.o(i.__sti___8_main_cpp_BSP) refers to task_music.o(i._ZN10TASK_MUSICC1Ev) for TASK_MUSIC::TASK_MUSIC()
    main.o(i.__sti___8_main_cpp_BSP) refers to task_mpu.o(i._ZN8TASK_MPUC1Ev) for TASK_MPU::TASK_MPU()
    main.o(i.__sti___8_main_cpp_BSP) refers to main.o(.bss) for BSP
    main.o(i.main) refers to os.o(i._ZN2OS4InitEv) for OS::Init()
    main.o(i.main) refers to bsp_f450.o(i._ZN8BSP_F4504InitEv) for BSP_F450::Init()
    main.o(i.main) refers to os.o(i._ZN2OS9newthreadEP4TASK) for OS::newthread(TASK*)
    main.o(i.main) refers to os.o(i._ZN2OS12thread_startEP9rt_thread) for OS::thread_start(rt_thread*)
    main.o(i.main) refers to os.o(i._ZN2OS12create_timerEP5TIMER) for OS::create_timer(TIMER*)
    main.o(i.main) refers to os.o(i._ZN2OS8delay_msEy) for OS::delay_ms(unsigned long long)
    main.o(i.main) refers to main.o(.data) for gOS
    main.o(i.main) refers to main.o(.bss) for iTASK_SCREEN
    main.o(.ARM.exidx) refers to main.o(i.main) for i.main
    main.o(.ARM.exidx) refers to main.o(i.__sti___8_main_cpp_BSP) for i.__sti___8_main_cpp_BSP
    main.o(.data) refers to main.o(.bss) for BSP
    main.o(.init_array) refers to main.o(i.__sti___8_main_cpp_BSP) for __sti___8_main_cpp_BSP
    main.o(.init_array) refers to init_aeabi.o(.text) for __cpp_initialize__aeabi_
    task_mpu.o(i._ZN8TASK_MPU7MPU_FUNEPv) refers to os.o(i._ZN2OS8delay_msEy) for OS::delay_ms(unsigned long long)
    task_mpu.o(i._ZN8TASK_MPU7MPU_FUNEPv) refers to main.o(.data) for gOS
    task_mpu.o(i._ZN8TASK_MPUC1Ev) refers to task_mpu.o(i._ZN8TASK_MPU7MPU_FUNEPv) for TASK_MPU::MPU_FUN(void*)
    task_mpu.o(.ARM.exidx) refers to task_mpu.o(i._ZN8TASK_MPU7MPU_FUNEPv) for i._ZN8TASK_MPU7MPU_FUNEPv
    task_mpu.o(.ARM.exidx) refers to task_mpu.o(i._ZN8TASK_MPUC1Ev) for i._ZN8TASK_MPUC1Ev
    task_balance.o(i._Z11Data_Filterv) refers to llsdiv.o(.text) for __aeabi_ldivmod
    task_balance.o(i._Z11Data_Filterv) refers to ffltll_clz.o(x$fpl$ffltll) for __aeabi_l2f
    task_balance.o(i._Z11Data_Filterv) refers to mpu9250.o(.data) for accel
    task_balance.o(i._Z11Data_Filterv) refers to task_balance.o(.bss) for ACC_X_BUF
    task_balance.o(i._Z11Data_Filterv) refers to task_balance.o(.data) for GYRO_X_BUF
    task_balance.o(i._Z11Velocity_PIi) refers to dflt_clz.o(x$fpl$dflt) for __aeabi_i2d
    task_balance.o(i._Z11Velocity_PIi) refers to dmul.o(x$fpl$dmul) for __aeabi_dmul
    task_balance.o(i._Z11Velocity_PIi) refers to daddsub_clz.o(x$fpl$dadd) for __aeabi_dadd
    task_balance.o(i._Z11Velocity_PIi) refers to dfix.o(x$fpl$dfix) for __aeabi_d2iz
    task_balance.o(i._Z11Velocity_PIi) refers to task_balance.o(.data) for Movement
    task_balance.o(i._Z15Balance_Controlv) refers to mpu9250.o(i._Z17MPU_Get_Gyroscopev) for MPU_Get_Gyroscope()
    task_balance.o(i._Z15Balance_Controlv) refers to mpu9250.o(i._Z21MPU_Get_Accelerometerv) for MPU_Get_Accelerometer()
    task_balance.o(i._Z15Balance_Controlv) refers to task_balance.o(i._Z11Data_Filterv) for Data_Filter()
    task_balance.o(i._Z15Balance_Controlv) refers to task_balance.o(i._Z12PID_IncreaseP3PIDPfii) for PID_Increase(PID*, float*, int, int)
    task_balance.o(i._Z15Balance_Controlv) refers to task_balance.o(i._Z13range_protectiii) for range_protect(int, int, int)
    task_balance.o(i._Z15Balance_Controlv) refers to dflt_clz.o(x$fpl$dflt) for __aeabi_i2d
    task_balance.o(i._Z15Balance_Controlv) refers to dmul.o(x$fpl$dmul) for __aeabi_dmul
    task_balance.o(i._Z15Balance_Controlv) refers to daddsub_clz.o(x$fpl$dadd) for __aeabi_dadd
    task_balance.o(i._Z15Balance_Controlv) refers to dfix.o(x$fpl$dfix) for __aeabi_d2iz
    task_balance.o(i._Z15Balance_Controlv) refers to mpu9250.o(i._Z8Read_DMPv) for Read_DMP()
    task_balance.o(i._Z15Balance_Controlv) refers to task_balance.o(i._Z11PID_RealizeP3PIDPfii) for PID_Realize(PID*, float*, int, int)
    task_balance.o(i._Z15Balance_Controlv) refers to task_balance.o(.data) for Ang_Velocity_Flag
    task_balance.o(i._Z15Balance_Controlv) refers to task_balance.o(.bss) for Ang_Vel_PID
    task_balance.o(i._Z15Balance_Controlv) refers to main.o(.data) for gBSP
    task_balance.o(i._Z15Balance_Controlv) refers to mpu9250.o(.data) for Pitch
    task_balance.o(i._ZN12TASK_BALANCE11BALANCE_FUNEPv) refers to mpu9250.o(i._Z12MPU9250_Initv) for MPU9250_Init()
[...]
    dmp_set_accel_bias                       0x08005019   Thumb Code   300  inv_mpu_dmp_motion_driver.o(i.dmp_set_accel_bias)
    dmp_set_fifo_rate                        0x08005149   Thumb Code    96  inv_mpu_dmp_motion_driver.o(i.dmp_set_fifo_rate)
    dmp_set_gyro_bias                        0x080051b9   Thumb Code   294  inv_mpu_dmp_motion_driver.o(i.dmp_set_gyro_bias)
    dmp_set_orientation                      0x080052e9   Thumb Code   290  inv_mpu_dmp_motion_driver.o(i.dmp_set_orientation)
    dmp_set_shake_reject_thresh              0x08005421   Thumb Code    56  inv_mpu_dmp_motion_driver.o(i.dmp_set_shake_reject_thresh)
    dmp_set_shake_reject_time                0x08005459   Thumb Code    38  inv_mpu_dmp_motion_driver.o(i.dmp_set_shake_reject_time)
    dmp_set_shake_reject_timeout             0x0800547f   Thumb Code    38  inv_mpu_dmp_motion_driver.o(i.dmp_set_shake_reject_timeout)
    dmp_set_tap_axes                         0x080054a5   Thumb Code    70  inv_mpu_dmp_motion_driver.o(i.dmp_set_tap_axes)
    dmp_set_tap_count                        0x080054eb   Thumb Code    38  inv_mpu_dmp_motion_driver.o(i.dmp_set_tap_count)
    dmp_set_tap_thresh                       0x08005511   Thumb Code   412  inv_mpu_dmp_motion_driver.o(i.dmp_set_tap_thresh)
    dmp_set_tap_time                         0x080056d1   Thumb Code    38  inv_mpu_dmp_motion_driver.o(i.dmp_set_tap_time)
    dmp_set_tap_time_multi                   0x080056f7   Thumb Code    38  inv_mpu_dmp_motion_driver.o(i.dmp_set_tap_time_multi)
    gpio_af_set                              0x0800571d   Thumb Code    94  gd32f4xx_gpio.o(i.gpio_af_set)
    gpio_bit_toggle                          0x0800577b   Thumb Code     4  gd32f4xx_gpio.o(i.gpio_bit_toggle)
    gpio_bit_write                           0x0800577f   Thumb Code    10  gd32f4xx_gpio.o(i.gpio_bit_write)
    gpio_input_bit_get                       0x08005789   Thumb Code    16  gd32f4xx_gpio.o(i.gpio_input_bit_get)
    gpio_mode_set                            0x08005799   Thumb Code    78  gd32f4xx_gpio.o(i.gpio_mode_set)
    gpio_output_options_set                  0x080057e7   Thumb Code    66  gd32f4xx_gpio.o(i.gpio_output_options_set)
    $Super$$main                             0x08005829   Thumb Code   166  main.o(i.main)
    main_thread_entry                        0x080058ed   Thumb Code    14  components.o(i.main_thread_entry)
    mpu_configure_fifo                       0x080058fd   Thumb Code   106  inv_mpu.o(i.mpu_configure_fifo)
    mpu_get_accel_fsr                        0x0800596d   Thumb Code    72  inv_mpu.o(i.mpu_get_accel_fsr)
    mpu_get_accel_sens                       0x080059b9   Thumb Code    78  inv_mpu.o(i.mpu_get_accel_sens)
    mpu_get_fifo_config                      0x08005a0d   Thumb Code    12  inv_mpu.o(i.mpu_get_fifo_config)
    mpu_get_gyro_fsr                         0x08005a1d   Thumb Code    64  inv_mpu.o(i.mpu_get_gyro_fsr)
    mpu_get_gyro_sens                        0x08005a61   Thumb Code    74  inv_mpu.o(i.mpu_get_gyro_sens)
    mpu_get_lpf                              0x08005ac1   Thumb Code    74  inv_mpu.o(i.mpu_get_lpf)
    mpu_get_sample_rate                      0x08005b11   Thumb Code    26  inv_mpu.o(i.mpu_get_sample_rate)
    mpu_init                                 0x08005b31   Thumb Code   248  inv_mpu.o(i.mpu_init)
    mpu_load_firmware                        0x08005c31   Thumb Code   180  inv_mpu.o(i.mpu_load_firmware)
    mpu_lp_accel_mode                        0x08005ce9   Thumb Code   218  inv_mpu.o(i.mpu_lp_accel_mode)
    mpu_read_fifo_stream                     0x08005dc9   Thumb Code   186  inv_mpu.o(i.mpu_read_fifo_stream)
    mpu_read_mem                             0x08005e89   Thumb Code   122  inv_mpu.o(i.mpu_read_mem)
    mpu_reset_fifo                           0x08005f09   Thumb Code   438  inv_mpu.o(i.mpu_reset_fifo)
    mpu_run_self_test                        0x080060c5   Thumb Code   278  inv_mpu.o(i.mpu_run_self_test)
    mpu_set_accel_fsr                        0x080061e1   Thumb Code   126  inv_mpu.o(i.mpu_set_accel_fsr)
    mpu_set_bypass                           0x08006265   Thumb Code   340  inv_mpu.o(i.mpu_set_bypass)
    mpu_set_dmp_state                        0x080063c1   Thumb Code   138  inv_mpu.o(i.mpu_set_dmp_state)
    mpu_set_gyro_fsr                         0x08006451   Thumb Code   132  inv_mpu.o(i.mpu_set_gyro_fsr)
    mpu_set_int_latched                      0x080064d9   Thumb Code   102  inv_mpu.o(i.mpu_set_int_latched)
    mpu_set_lpf                              0x08006545   Thumb Code   126  inv_mpu.o(i.mpu_set_lpf)
    mpu_set_sample_rate                      0x080065c9   Thumb Code   152  inv_mpu.o(i.mpu_set_sample_rate)
    mpu_set_sensors                          0x08006665   Thumb Code   208  inv_mpu.o(i.mpu_set_sensors)
    mpu_write_mem                            0x0800673d   Thumb Code   122  inv_mpu.o(i.mpu_write_mem)
    myget_ms                                 0x080067bd   Thumb Code     2  inv_mpu.o(i.myget_ms)
    nvic_irq_enable                          0x080067c1   Thumb Code   186  gd32f4xx_misc.o(i.nvic_irq_enable)
    nvic_priority_group_set                  0x08006885   Thumb Code    10  gd32f4xx_misc.o(i.nvic_priority_group_set)
    rcu_clock_freq_get                       0x08006911   Thumb Code   264  gd32f4xx_rcu.o(i.rcu_clock_freq_get)
    rcu_periph_clock_enable                  0x08006a35   Thumb Code    32  gd32f4xx_rcu.o(i.rcu_periph_clock_enable)
    rcu_periph_reset_disable                 0x08006a59   Thumb Code    32  gd32f4xx_rcu.o(i.rcu_periph_reset_disable)
    rcu_periph_reset_enable                  0x08006a7d   Thumb Code    32  gd32f4xx_rcu.o(i.rcu_periph_reset_enable)
    rcu_timer_clock_prescaler_config         0x08006aa1   Thumb Code    32  gd32f4xx_rcu.o(i.rcu_timer_clock_prescaler_config)
    rt_application_init                      0x08006ac5   Thumb Code    34  components.o(i.rt_application_init)
    rt_components_board_init                 0x08006af5   Thumb Code    20  components.o(i.rt_components_board_init)
    rt_components_init                       0x08006b11   Thumb Code    20  components.o(i.rt_components_init)
    rt_enter_critical                        0x08006b2d   Thumb Code    28  scheduler.o(i.rt_enter_critical)
    rt_exit_critical                         0x08006b4d   Thumb Code    60  scheduler.o(i.rt_exit_critical)
    rt_free                                  0x08006b91   Thumb Code    98  mem.o(i.rt_free)
    rt_heap_begin_get                        0x08006c09   Thumb Code     4  board.o(i.rt_heap_begin_get)
    rt_heap_end_get                          0x08006c11   Thumb Code     4  board.o(i.rt_heap_end_get)
    rt_hw_board_init                         0x08006c19   Thumb Code    34  board.o(i.rt_hw_board_init)
    rt_hw_hard_fault_exception               0x08006c3d   Thumb Code    40  cpuport.o(i.rt_hw_hard_fault_exception)
    rt_hw_stack_init                         0x08006c69   Thumb Code    74  cpuport.o(i.rt_hw_stack_init)
    rt_interrupt_enter                       0x08006cb9   Thumb Code    26  irq.o(i.rt_interrupt_enter)
    rt_interrupt_leave                       0x08006cd9   Thumb Code    26  irq.o(i.rt_interrupt_leave)
    rt_malloc                                0x08006e2d   Thumb Code   336  mem.o(i.rt_malloc)
    rt_memset                                0x08006f99   Thumb Code    72  kservice.o(i.rt_memset)
    rt_object_allocate                       0x08006fe1   Thumb Code    84  object.o(i.rt_object_allocate)
    rt_object_delete                         0x08007035   Thumb Code    36  object.o(i.rt_object_delete)
    rt_object_detach                         0x08007059   Thumb Code    30  object.o(i.rt_object_detach)
    rt_object_get_information                0x08007079   Thumb Code    36  object.o(i.rt_object_get_information)
    rt_object_init                           0x080070a1   Thumb Code    86  object.o(i.rt_object_init)
    rt_object_is_systemobject                0x080070f7   Thumb Code    18  object.o(i.rt_object_is_systemobject)
    rt_os_tick_callback                      0x08007109   Thumb Code    16  board.o(i.rt_os_tick_callback)
    rt_schedule                              0x08007119   Thumb Code   106  scheduler.o(i.rt_schedule)
    rt_schedule_insert_thread                0x0800719d   Thumb Code    72  scheduler.o(i.rt_schedule_insert_thread)
    rt_schedule_remove_thread                0x080071ed   Thumb Code    76  scheduler.o(i.rt_schedule_remove_thread)
    rt_sem_init                              0x08007241   Thumb Code    38  ipc.o(i.rt_sem_init)
    rt_sem_release                           0x08007267   Thumb Code    82  ipc.o(i.rt_sem_release)
    rt_sem_take                              0x080072b9   Thumb Code   116  ipc.o(i.rt_sem_take)
    rt_show_version                          0x0800732d   Thumb Code     2  kservice.o(i.rt_show_version)
    rt_strncpy                               0x0800732f   Thumb Code    52  kservice.o(i.rt_strncpy)
    rt_system_heap_init                      0x08007365   Thumb Code   146  mem.o(i.rt_system_heap_init)
    rt_system_scheduler_init                 0x08007415   Thumb Code    52  scheduler.o(i.rt_system_scheduler_init)
    rt_system_scheduler_start                0x08007461   Thumb Code    36  scheduler.o(i.rt_system_scheduler_start)
    rt_system_timer_init                     0x08007491   Thumb Code    24  timer.o(i.rt_system_timer_init)
    rt_system_timer_thread_init              0x080074ad   Thumb Code     2  timer.o(i.rt_system_timer_thread_init)
    rt_thread_create                         0x080074af   Thumb Code    80  thread.o(i.rt_thread_create)
    rt_thread_delete                         0x08007501   Thumb Code    82  thread.o(i.rt_thread_delete)
    rt_thread_exit                           0x08007559   Thumb Code    78  thread.o(i.rt_thread_exit)
    rt_thread_idle_excute                    0x080075b9   Thumb Code    92  idle.o(i.rt_thread_idle_excute)
    rt_thread_idle_init                      0x08007619   Thumb Code    38  idle.o(i.rt_thread_idle_init)
    rt_thread_init                           0x08007655   Thumb Code    52  thread.o(i.rt_thread_init)
    rt_thread_mdelay                         0x08007689   Thumb Code    20  thread.o(i.rt_thread_mdelay)
    rt_thread_resume                         0x0800769d   Thumb Code    60  thread.o(i.rt_thread_resume)
    rt_thread_self                           0x080076d9   Thumb Code     6  thread.o(i.rt_thread_self)
    rt_thread_sleep                          0x080076e5   Thumb Code    62  thread.o(i.rt_thread_sleep)
    rt_thread_startup                        0x08007729   Thumb Code    44  thread.o(i.rt_thread_startup)
    rt_thread_suspend                        0x08007755   Thumb Code    68  thread.o(i.rt_thread_suspend)
    rt_thread_timeout                        0x08007799   Thumb Code    32  thread.o(i.rt_thread_timeout)
    rt_thread_yield                          0x080077b9   Thumb Code    92  thread.o(i.rt_thread_yield)
    rt_tick_from_millisecond                 0x0800781d   Thumb Code    56  clock.o(i.rt_tick_from_millisecond)
    rt_tick_get                              0x08007855   Thumb Code     6  clock.o(i.rt_tick_get)
    rt_tick_increase                         0x08007861   Thumb Code    42  clock.o(i.rt_tick_increase)
    rt_timer_check                           0x08007891   Thumb Code   160  timer.o(i.rt_timer_check)
    rt_timer_control                         0x08007935   Thumb Code    98  timer.o(i.rt_timer_control)
    rt_timer_create                          0x08007997   Thumb Code    54  timer.o(i.rt_timer_create)
    rt_timer_detach                          0x080079cd   Thumb Code    40  timer.o(i.rt_timer_detach)
    rt_timer_init                            0x080079f5   Thumb Code    46  timer.o(i.rt_timer_init)
    rt_timer_start                           0x08007a25   Thumb Code   226  timer.o(i.rt_timer_start)
    rt_timer_stop                            0x08007b11   Thumb Code    48  timer.o(i.rt_timer_stop)
    rtthread_startup                         0x08007b51   Thumb Code    42  components.o(i.rtthread_startup)
    sqrtf                                    0x08007b7b   Thumb Code    62  sqrtf.o(i.sqrtf)
    systick_config                           0x08007cbd   Thumb Code    74  systick.o(i.systick_config)
    timer_auto_reload_shadow_enable          0x08007d0d   Thumb Code    10  gd32f4xx_timer.o(i.timer_auto_reload_shadow_enable)
    timer_channel_input_capture_prescaler_config 0x08007d17   Thumb Code    90  gd32f4xx_timer.o(i.timer_channel_input_capture_prescaler_config)
    timer_channel_output_config              0x08007d71   Thumb Code   484  gd32f4xx_timer.o(i.timer_channel_output_config)
    timer_channel_output_mode_config         0x08007f5d   Thumb Code    90  gd32f4xx_timer.o(i.timer_channel_output_mode_config)
    timer_channel_output_pulse_value_config  0x08007fb7   Thumb Code    38  gd32f4xx_timer.o(i.timer_channel_output_pulse_value_config)
    timer_channel_output_shadow_config       0x08007fdd   Thumb Code    90  gd32f4xx_timer.o(i.timer_channel_output_shadow_config)
    timer_counter_read                       0x08008037   Thumb Code     8  gd32f4xx_timer.o(i.timer_counter_read)
    timer_counter_value_config               0x0800803f   Thumb Code     4  gd32f4xx_timer.o(i.timer_counter_value_config)
    timer_deinit                             0x08008045   Thumb Code   374  gd32f4xx_timer.o(i.timer_deinit)
    timer_enable                             0x080081c9   Thumb Code    10  gd32f4xx_timer.o(i.timer_enable)
    timer_init                               0x080081d5   Thumb Code   122  gd32f4xx_timer.o(i.timer_init)
    timer_input_capture_config               0x0800826d   Thumb Code   326  gd32f4xx_timer.o(i.timer_input_capture_config)
    timer_interrupt_enable                   0x080083b3   Thumb Code     8  gd32f4xx_timer.o(i.timer_interrupt_enable)
    timer_interrupt_flag_clear               0x080083bb   Thumb Code     6  gd32f4xx_timer.o(i.timer_interrupt_flag_clear)
    timer_interrupt_flag_get                 0x080083c1   Thumb Code    24  gd32f4xx_timer.o(i.timer_interrupt_flag_get)
    timer_primary_output_config              0x080083d9   Thumb Code    24  gd32f4xx_timer.o(i.timer_primary_output_config)
    timer_quadrature_decoder_mode_config     0x080083f1   Thumb Code    64  gd32f4xx_timer.o(i.timer_quadrature_decoder_mode_config)
    usart_baudrate_set                       0x08008431   Thumb Code   224  gd32f4xx_usart.o(i.usart_baudrate_set)
    usart_deinit                             0x08008519   Thumb Code   210  gd32f4xx_usart.o(i.usart_deinit)
    usart_dma_receive_config                 0x080085f5   Thumb Code    16  gd32f4xx_usart.o(i.usart_dma_receive_config)
    usart_dma_transmit_config                0x08008605   Thumb Code    16  gd32f4xx_usart.o(i.usart_dma_transmit_config)
    usart_enable                             0x08008615   Thumb Code    10  gd32f4xx_usart.o(i.usart_enable)
    usart_oversample_config                  0x0800861f   Thumb Code    16  gd32f4xx_usart.o(i.usart_oversample_config)
    usart_parity_config                      0x0800862f   Thumb Code    16  gd32f4xx_usart.o(i.usart_parity_config)
    usart_receive_config                     0x0800863f   Thumb Code    16  gd32f4xx_usart.o(i.usart_receive_config)
    usart_stop_bit_set                       0x0800864f   Thumb Code    16  gd32f4xx_usart.o(i.usart_stop_bit_set)
    usart_transmit_config                    0x0800865f   Thumb Code    16  gd32f4xx_usart.o(i.usart_transmit_config)
    usart_word_length_set                    0x0800866f   Thumb Code    16  gd32f4xx_usart.o(i.usart_word_length_set)
    __aeabi_d2f                              0x08008681   Thumb Code     0  d2f.o(x$fpl$d2f)
    _d2f                                     0x08008681   Thumb Code    98  d2f.o(x$fpl$d2f)
    __aeabi_dadd                             0x080086e5   Thumb Code     0  daddsub_clz.o(x$fpl$dadd)
    _dadd                                    0x080086e5   Thumb Code   332  daddsub_clz.o(x$fpl$dadd)
    __fpl_dcmp_Inf                           0x08008835   Thumb Code    24  dcmpi.o(x$fpl$dcmpinf)
    __aeabi_ddiv                             0x0800884d   Thumb Code     0  ddiv.o(x$fpl$ddiv)
    _ddiv                                    0x0800884d   Thumb Code   552  ddiv.o(x$fpl$ddiv)
    __aeabi_d2iz                             0x08008afd   Thumb Code     0  dfix.o(x$fpl$dfix)
    _dfix                                    0x08008afd   Thumb Code    94  dfix.o(x$fpl$dfix)
    __aeabi_i2d                              0x08008b5b   Thumb Code     0  dflt_clz.o(x$fpl$dflt)
    _dflt                                    0x08008b5b   Thumb Code    46  dflt_clz.o(x$fpl$dflt)
    __aeabi_ui2d                             0x08008b89   Thumb Code     0  dflt_clz.o(x$fpl$dfltu)
    _dfltu                                   0x08008b89   Thumb Code    38  dflt_clz.o(x$fpl$dfltu)
    __aeabi_cdcmple                          0x08008bb1   Thumb Code     0  dleqf.o(x$fpl$dleqf)
    _dcmple                                  0x08008bb1   Thumb Code   120  dleqf.o(x$fpl$dleqf)
    __fpl_dcmple_InfNaN                      0x08008c13   Thumb Code     0  dleqf.o(x$fpl$dleqf)
    __aeabi_dmul                             0x08008c29   Thumb Code     0  dmul.o(x$fpl$dmul)
    _dmul                                    0x08008c29   Thumb Code   332  dmul.o(x$fpl$dmul)
    __fpl_dnaninf                            0x08008d7d   Thumb Code   156  dnaninf.o(x$fpl$dnaninf)
    __fpl_dretinf                            0x08008e19   Thumb Code    12  dretinf.o(x$fpl$dretinf)
    __aeabi_cdrcmple                         0x08008e25   Thumb Code     0  drleqf.o(x$fpl$drleqf)
    _drcmple                                 0x08008e25   Thumb Code   108  drleqf.o(x$fpl$drleqf)
    __aeabi_dsub                             0x08008e91   Thumb Code     0  daddsub_clz.o(x$fpl$dsub)
    _dsub                                    0x08008e91   Thumb Code   464  daddsub_clz.o(x$fpl$dsub)
    __aeabi_f2d                              0x08009065   Thumb Code     0  f2d.o(x$fpl$f2d)
    _f2d                                     0x08009065   Thumb Code    86  f2d.o(x$fpl$f2d)
    __aeabi_ul2f                             0x080090bb   Thumb Code     0  ffltll_clz.o(x$fpl$ffltll)
    _ll_uto_f                                0x080090bb   Thumb Code     6  ffltll_clz.o(x$fpl$ffltll)
    __aeabi_l2f                              0x080090c1   Thumb Code     0  ffltll_clz.o(x$fpl$ffltll)
    _ll_sto_f                                0x080090c1   Thumb Code    90  ffltll_clz.o(x$fpl$ffltll)
    __fpl_fnaninf                            0x0800911b   Thumb Code   140  fnaninf.o(x$fpl$fnaninf)
    _fp_init                                 0x080091a7   Thumb Code    10  fpinit.o(x$fpl$fpinit)
    __fplib_config_fpu_vfp                   0x080091af   Thumb Code     0  fpinit.o(x$fpl$fpinit)
    __fplib_config_pureend_doubles           0x080091af   Thumb Code     0  fpinit.o(x$fpl$fpinit)
    __fpl_fretinf                            0x080091b1   Thumb Code    10  fretinf.o(x$fpl$fretinf)
    __I$use$fp                               0x080091ba   Number         0  usenofp.o(x$fpl$usenofp)
    __lowest_bit_bitmap                      0x0800aa82   Data         256  kservice.o(.constdata)
    vtable for UART0_F450                    0x0800aba4   Data          24  uart_f450.o(.constdata__ZTV10UART0_F450)
    vtable for UART1_F450                    0x0800abbc   Data          24  uart_f450.o(.constdata__ZTV10UART1_F450)
    vtable for IO                            0x0800abd4   Data          32  io_f450.o(.constdata__ZTV2IO)
    vtable for ADC                           0x0800abf4   Data          16  bsp_f450.o(.constdata__ZTV3ADC)
    vtable for TIM                           0x0800ac04   Data          24  bsp_f450.o(.constdata__ZTV3TIM)
    vtable for UART                          0x0800ac1c   Data          24  bsp_f450.o(.constdata__ZTV4UART)
    vtable for IO_F450                       0x0800ac34   Data          32  io_f450.o(.constdata__ZTV7IO_F450)
    vtable for ADC0_F450                     0x0800ac54   Data          16  adc_f450.o(.constdata__ZTV9ADC0_F450)
    vtable for TIM0_F450                     0x0800ac64   Data          24  tim_f450.o(.constdata__ZTV9TIM0_F450)
    vtable for TIM2_F450                     0x0800ac7c   Data          24  tim_f450.o(.constdata__ZTV9TIM2_F450)
    vtable for TIM3_F450                     0x0800ac94   Data          24  tim_f450.o(.constdata__ZTV9TIM3_F450)
    vtable for TIM8_F450                     0x0800acac   Data          24  tim_f450.o(.constdata__ZTV9TIM8_F450)
    __rt_init_rti_start                      0x0800acc4   Data           4  components.o(.rti_fn.0)
    __rt_init_rti_board_start                0x0800acc8   Data           4  components.o(.rti_fn.0.end)
    __rt_init_rti_board_end                  0x0800accc   Data           4  components.o(.rti_fn.1.end)
    __rt_init_rti_end                        0x0800acd0   Data           4  components.o(.rti_fn.6.end)
    Region$$Table$$Base                      0x0800acd4   Number         0  anon$$obj.o(Region$$Table)
    Region$$Table$$Limit                     0x0800acf4   Number         0  anon$$obj.o(Region$$Table)
    SHT$$INIT_ARRAY$$Base                    0x0800acf4   Number         0  main.o(.init_array)
    SHT$$INIT_ARRAY$$Limit                   0x0800acf8   Number         0  init_aeabi.o(.init_array)
    gBSP                                     0x20000000   Data           4  main.o(.data)
    gOS                                      0x20000004   Data           4  main.o(.data)
    gOS_Timer1                               0x20000008   Data           4  main.o(.data)
    MOTOR                                    0x2000000c   Data          16  task_balance.o(.data)
    Angle                                    0x2000001c   Data          16  task_balance.o(.data)
    Ang_Vel                                  0x2000002c   Data          16  task_balance.o(.data)
    Direct                                   0x2000003c   Data          16  task_balance.o(.data)
    Turn                                     0x2000004c   Data          80  task_balance.o(.data)
    Speed_Left                               0x2000009c   Data           4  task_balance.o(.data)
    Speed_Right                              0x200000a0   Data           4  task_balance.o(.data)
    Tar_Ang_Vel                              0x200000a4   Data           4  task_balance.o(.data)
    Target_Angle                             0x200000a8   Data           4  task_balance.o(.data)
    GYRO_X_BUF                               0x200000ac   Data           4  task_balance.o(.data)
    GYRO_Y_BUF                               0x200000b0   Data           4  task_balance.o(.data)
    GYRO_Z_BUF                               0x200000b4   Data           4  task_balance.o(.data)
    gyro_real                                0x200000b8   Data           6  task_balance.o(.data)
    accel_real                               0x200000be   Data           6  task_balance.o(.data)
    Speed_Flag                               0x200000c4   Data           1  task_balance.o(.data)
    Angle_Flag                               0x200000c5   Data           1  task_balance.o(.data)
    Ang_Velocity_Flag                        0x200000c6   Data           1  task_balance.o(.data)
    DMP_Flag                                 0x200000c7   Data           1  task_balance.o(.data)
    MOTOR_Duty_Left                          0x200000c8   Data           4  task_balance.o(.data)
    MOTOR_Duty_Right                         0x200000cc   Data           4  task_balance.o(.data)
    Speed_Now                                0x200000d0   Data           4  task_balance.o(.data)
    Speed_Min                                0x200000d4   Data           4  task_balance.o(.data)
    Speed_Set                                0x200000d8   Data           4  task_balance.o(.data)
    Theory_Duty                              0x200000dc   Data           4  task_balance.o(.data)
    Vel_Set                                  0x200000e0   Data           4  task_balance.o(.data)
    Direct_Parameter                         0x200000e4   Data           4  task_balance.o(.data)
    Direct_Last                              0x200000e8   Data           4  task_balance.o(.data)
    Radius                                   0x200000ec   Data           4  task_balance.o(.data)
    Point                                    0x200000f0   Data           1  task_balance.o(.data)
    Difference                               0x200000f4   Data           4  task_balance.o(.data)
    Velocity_Kp                              0x200000f8   Data           4  task_balance.o(.data)
    Velocity_Ki                              0x200000fc   Data           4  task_balance.o(.data)
    Tone_Index                               0x20000120   Data          48  task_music.o(.data)
    Music_Lone_Brave                         0x20000150   Data        3942  task_music.o(.data)
    flag                                     0x200010b6   Data           1  tim_f450.o(.data)
    gyro                                     0x200010b8   Data           6  mpu9250.o(.data)
    accel                                    0x200010be   Data           6  mpu9250.o(.data)
    magnet                                   0x200010c4   Data           6  mpu9250.o(.data)
    Temperature                              0x200010ca   Data           2  mpu9250.o(.data)
    Pitch                                    0x200010cc   Data           4  mpu9250.o(.data)
    Roll                                     0x200010d0   Data           4  mpu9250.o(.data)
    sensors                                  0x200010d4   Data           2  mpu9250.o(.data)
    q0                                       0x200010d8   Data           4  mpu9250.o(.data)
    q1                                       0x200010dc   Data           4  mpu9250.o(.data)
    q2                                       0x200010e0   Data           4  mpu9250.o(.data)
    q3                                       0x200010e4   Data           4  mpu9250.o(.data)
    SystemCoreClock                          0x20001120   Data           4  system_gd32f4xx.o(.data)
    rt_interrupt_from_thread                 0x20001124   Data           4  cpuport.o(.data)
    rt_interrupt_to_thread                   0x20001128   Data           4  cpuport.o(.data)
    rt_thread_switch_interrupt_flag          0x2000112c   Data           4  cpuport.o(.data)
    rt_interrupt_nest                        0x20001138   Data           1  irq.o(.data)
    rt_thread_ready_priority_group           0x20001194   Data           4  scheduler.o(.data)
    rt_current_thread                        0x2000119c   Data           4  scheduler.o(.data)
    rt_current_priority                      0x200011a0   Data           1  scheduler.o(.data)
    rt_thread_defunct                        0x200011a4   Data           8  scheduler.o(.data)
    BSP                                      0x200011b8   Data          80  main.o(.bss)
    iOS                                      0x20001208   Data          20  main.o(.bss)
    iOS_Timer1                               0x2000121c   Data          20  main.o(.bss)
    iTASK_SCREEN                             0x20001230   Data          12  main.o(.bss)
    iTASK_BALANCE                            0x2000123c   Data          12  main.o(.bss)
    iTASK_MUSIC                              0x20001248   Data          12  main.o(.bss)
    iTASK_MPU                                0x20001254   Data          12  main.o(.bss)
    MOTOR_PID                                0x20001260   Data          16  task_balance.o(.bss)
    Angle_PID                                0x20001270   Data          16  task_balance.o(.bss)
    Ang_Vel_PID                              0x20001280   Data          16  task_balance.o(.bss)
    Direct_PID                               0x20001290   Data          16  task_balance.o(.bss)
    Turn_PID                                 0x200012a0   Data          16  task_balance.o(.bss)
    Distance_PID                             0x200012b0   Data          16  task_balance.o(.bss)
    ACC_X_BUF                                0x200012c0   Data          20  task_balance.o(.bss)
    ACC_Y_BUF                                0x200012d4   Data          20  task_balance.o(.bss)
    ACC_Z_BUF                                0x200012e8   Data          20  task_balance.o(.bss)
    rt_thread_priority_table                 0x200014a4   Data         256  scheduler.o(.bss)
    __libspace_start                         0x200051a4   Data          96  libspace.o(.bss)
    __temporary_stack_top$libspace           0x20005204   Data           0  libspace.o(.bss)



==============================================================================

Memory Map of the image

  Image Entry point : 0x080001ad

  Load Region LR_IROM1 (Base: 0x08000000, Size: 0x0000beb0, Max: 0x00100000, ABSOLUTE, COMPRESSED[0x0000af6c])

    Execution Region ER_IROM1 (Exec base: 0x08000000, Load base: 0x08000000, Size: 0x0000acf8, Max: 0x00100000, ABSOLUTE)

    Exec Addr    Load Addr    Size         Type   Attr      Idx    E Section Name        Object

    0x08000000   0x08000000   0x000001ac   Data   RO         2600    RESET               startup_gd32f450.o
    0x080001ac   0x080001ac   0x00000008   Code   RO         9251  * !!!main             c_w.l(__main.o)
    0x080001b4   0x080001b4   0x00000034   Code   RO         9849    !!!scatter          c_w.l(__scatter.o)
    0x080001e8   0x080001e8   0x00000064   Code   RO         9847    !!dclz77c           c_w.l(__dclz77c.o)
    0x0800024c   0x0800024c   0x0000001c   Code   RO         9851    !!handler_zi        c_w.l(__scatter_zi.o)
    0x08000268   0x08000268   0x00000002   Code   RO         9750    .ARM.Collect$$libinit$$00000000  c_w.l(libinit.o)
    0x0800026a   0x0800026a   0x00000004   Code   RO         9505    .ARM.Collect$$libinit$$00000001  c_w.l(libinit2.o)
    0x0800026e   0x0800026e   0x00000000   Code   RO         9508    .ARM.Collect$$libinit$$00000004  c_w.l(libinit2.o)
    0x0800026e   0x0800026e   0x00000008   Code   RO         9509    .ARM.Collect$$libinit$$00000005  c_w.l(libinit2.o)
    0x08000276   0x08000276   0x00000000   Code   RO         9511    .ARM.Collect$$libinit$$0000000A  c_w.l(libinit2.o)
    0x08000276   0x08000276   0x00000000   Code   RO         9513    .ARM.Collect$$libinit$$0000000C  c_w.l(libinit2.o)
    0x08000276   0x08000276   0x00000000   Code   RO         9515    .ARM.Collect$$libinit$$0000000E  c_w.l(libinit2.o)
    0x08000276   0x08000276   0x00000000   Code   RO         9518    .ARM.Collect$$libinit$$00000011  c_w.l(libinit2.o)
    0x08000276   0x08000276   0x00000000   Code   RO         9520    .ARM.Collect$$libinit$$00000013  c_w.l(libinit2.o)
    0x08000276   0x08000276   0x00000000   Code   RO         9522    .ARM.Collect$$libinit$$00000015  c_w.l(libinit2.o)
    0x08000276   0x08000276   0x00000000   Code   RO         9524    .ARM.Collect$$libinit$$00000017  c_w.l(libinit2.o)
    0x08000276   0x08000276   0x00000000   Code   RO         9526    .ARM.Collect$$libinit$$00000019  c_w.l(libinit2.o)
    0x08000276   0x08000276   0x00000000   Code   RO         9528    .ARM.Collect$$libinit$$0000001B  c_w.l(libinit2.o)
    0x08000276   0x08000276   0x00000000   Code   RO         9530    .ARM.Collect$$libinit$$0000001D  c_w.l(libinit2.o)
    0x08000276   0x08000276   0x00000000   Code   RO         9532    .ARM.Collect$$libinit$$0000001F  c_w.l(libinit2.o)
    0x08000276   0x08000276   0x00000000   Code   RO         9534    .ARM.Collect$$libinit$$00000021  c_w.l(libinit2.o)
    0x08000276   0x08000276   0x00000000   Code   RO         9536    .ARM.Collect$$libinit$$00000023  c_w.l(libinit2.o)
    0x08000276   0x08000276   0x00000000   Code   RO         9538    .ARM.Collect$$libinit$$00000025  c_w.l(libinit2.o)
    0x08000276   0x08000276   0x00000000   Code   RO         9542    .ARM.Collect$$libinit$$0000002C  c_w.l(libinit2.o)
    0x08000276   0x08000276   0x00000000   Code   RO         9544    .ARM.Collect$$libinit$$0000002E  c_w.l(libinit2.o)
    0x08000276   0x08000276   0x00000000   Code   RO         9546    .ARM.Collect$$libinit$$00000030  c_w.l(libinit2.o)
    0x08000276   0x08000276   0x00000004   Code   RO         9547    .ARM.Collect$$libinit$$00000031  c_w.l(libinit2.o)
    0x0800027a   0x0800027a   0x00000000   Code   RO         9548    .ARM.Collect$$libinit$$00000032  c_w.l(libinit2.o)
    0x0800027a   0x0800027a   0x00000002   Code   RO         9549    .ARM.Collect$$libinit$$00000033  c_w.l(libinit2.o)
    0x0800027c   0x0800027c   0x00000002   Code   RO         9832    .ARM.Collect$$libshutdown$$00000000  c_w.l(libshutdown.o)
    0x0800027e   0x0800027e   0x00000000   Code   RO         9809    .ARM.Collect$$libshutdown$$00000002  c_w.l(libshutdown2.o)
    0x0800027e   0x0800027e   0x00000000   Code   RO         9811    .ARM.Collect$$libshutdown$$00000004  c_w.l(libshutdown2.o)
    0x0800027e   0x0800027e   0x00000000   Code   RO         9813    .ARM.Collect$$libshutdown$$00000006  c_w.l(libshutdown2.o)
    0x0800027e   0x0800027e   0x00000000   Code   RO         9816    .ARM.Collect$$libshutdown$$00000009  c_w.l(libshutdown2.o)
    0x0800027e   0x0800027e   0x00000000   Code   RO         9819    .ARM.Collect$$libshutdown$$0000000C  c_w.l(libshutdown2.o)
    0x0800027e   0x0800027e   0x00000000   Code   RO         9821    .ARM.Collect$$libshutdown$$0000000E  c_w.l(libshutdown2.o)
    0x0800027e   0x0800027e   0x00000000   Code   RO         9824    .ARM.Collect$$libshutdown$$00000011  c_w.l(libshutdown2.o)
    0x0800027e   0x0800027e   0x00000002   Code   RO         9825    .ARM.Collect$$libshutdown$$00000012  c_w.l(libshutdown2.o)
    0x08000280   0x08000280   0x00000000   Code   RO         9437    .ARM.Collect$$rtentry$$00000000  c_w.l(__rtentry.o)
    0x08000280   0x08000280   0x00000000   Code   RO         9615    .ARM.Collect$$rtentry$$00000002  c_w.l(__rtentry2.o)
    0x08000280   0x08000280   0x00000006   Code   RO         9627    .ARM.Collect$$rtentry$$00000004  c_w.l(__rtentry4.o)
    0x08000286   0x08000286   0x00000000   Code   RO         9617    .ARM.Collect$$rtentry$$00000009  c_w.l(__rtentry2.o)
    0x08000286   0x08000286   0x00000004   Code   RO         9618    .ARM.Collect$$rtentry$$0000000A  c_w.l(__rtentry2.o)
    0x0800028a   0x0800028a   0x00000000   Code   RO         9620    .ARM.Collect$$rtentry$$0000000C  c_w.l(__rtentry2.o)
    0x0800028a   0x0800028a   0x00000008   Code   RO         9621    .ARM.Collect$$rtentry$$0000000D  c_w.l(__rtentry2.o)
    0x08000292   0x08000292   0x00000002   Code   RO         9769    .ARM.Collect$$rtexit$$00000000  c_w.l(rtexit.o)
    0x08000294   0x08000294   0x00000000   Code   RO         9790    .ARM.Collect$$rtexit$$00000002  c_w.l(rtexit2.o)
    0x08000294   0x08000294   0x00000004   Code   RO         9791    .ARM.Collect$$rtexit$$00000003  c_w.l(rtexit2.o)
    0x08000298   0x08000298   0x00000006   Code   RO         9792    .ARM.Collect$$rtexit$$00000004  c_w.l(rtexit2.o)
    0x0800029e   0x0800029e   0x00000002   PAD
    0x080002a0   0x080002a0   0x00000000   Code   RO         9724    .emb_text           c_w.l(maybetermalloc1.o)
    0x080002a0   0x080002a0   0x00000040   Code   RO         2601    .text               startup_gd32f450.o
    0x080002e0   0x080002e0   0x00000134   Code   RO         8219    .text               context_rvds.o
    0x08000414   0x08000414   0x00000048   Code   RO         9243    .text               c_w.l(llsdiv.o)
    0x0800045c   0x0800045c   0x00000058   Code   RO         9245    .text               c_w.l(memcmp.o)
    0x080004b4   0x080004b4   0x00000010   Code   RO         9247    .text               c_w.l(aeabi_memset.o)
    0x080004c4   0x080004c4   0x00000006   Code   RO         9249    .text               c_w.l(heapauxi.o)
    0x080004ca   0x080004ca   0x00000002   PAD
    0x080004cc   0x080004cc   0x00000024   Code   RO         9256    .text               c_w.l(init_aeabi.o)
    0x080004f0   0x080004f0   0x00000008   Code   RO         9441    .text               c_w.l(rt_new_handler_addr_intlibspace.o)
    0x080004f8   0x080004f8   0x0000005e   Code   RO         9445    .text               c_w.l(h1_alloc.o)
    0x08000556   0x08000556   0x000000ee   Code   RO         9499    .text               c_w.l(lludivv7m.o)
    0x08000644   0x08000644   0x00000016   Code   RO         9501    .text               c_w.l(_rserrno.o)
    0x0800065a   0x0800065a   0x00000044   Code   RO         9503    .text               c_w.l(rt_memclr.o)
    0x0800069e   0x0800069e   0x00000004   Code   RO         9553    .text               cpprt_w.l(arm_newhandler_noexceptions.o)
    0x080006a2   0x080006a2   0x00000002   PAD
    0x080006a4   0x080006a4   0x00000008   Code   RO         9609    .text               c_w.l(libspace.o)
    0x080006ac   0x080006ac   0x00000008   Code   RO         9636    .text               c_w.l(rt_heap_descriptor_intlibspace.o)
    0x080006b4   0x080006b4   0x00000008   Code   RO         9641    .text               c_w.l(rt_errno_addr_intlibspace.o)
    0x080006bc   0x080006bc   0x00000004   Code   RO         9643    .text               c_w.l(hguard.o)
    0x080006c0   0x080006c0   0x0000008a   Code   RO         9645    .text               c_w.l(init_alloc.o)
    0x0800074a   0x0800074a   0x0000000e   Code   RO         9651    .text               c_w.l(h1_init.o)
    0x08000758   0x08000758   0x0000004e   Code   RO         9653    .text               c_w.l(h1_free.o)
    0x080007a6   0x080007a6   0x0000004e   Code   RO         9671    .text               c_w.l(rt_memclr_w.o)
    0x080007f4   0x080007f4   0x0000001a   Code   RO         9700    .text               cpprt_w.l(arm_exceptions_terminate.o)
    0x0800080e   0x0800080e   0x00000002   PAD
    0x08000810   0x08000810   0x00000050   Code   RO         9703    .text               cpprt_w.l(arm_exceptions_globs.o)
    0x08000860   0x08000860   0x0000004a   Code   RO         9713    .text               c_w.l(sys_stackheap_outer.o)
    0x080008aa   0x080008aa   0x00000002   PAD
    0x080008ac   0x080008ac   0x00000008   Code   RO         9720    .text               c_w.l(rt_eh_globals_addr_intlibspace.o)
    0x080008b4   0x080008b4   0x00000034   Code   RO         9726    .text               c_w.l(h1_extend.o)
    0x080008e8   0x080008e8   0x00000012   Code   RO         9730    .text               c_w.l(exit.o)
    0x080008fa   0x080008fa   0x00000016   Code   RO         9732    .text               c_w.l(abort.o)
    0x08000910   0x08000910   0x0000000e   Code   RO         9734    .text               c_w.l(defsig_rtmem_outer.o)
    0x0800091e   0x0800091e   0x0000003c   Code   RO         9754    .text               cpprt_w.l(arm_exceptions_mem.o)
    0x0800095a   0x0800095a   0x00000002   PAD
    0x0800095c   0x0800095c   0x0000000c   Code   RO         9764    .text               c_w.l(sys_exit.o)
    0x08000968   0x08000968   0x00000002   Code   RO         9766    .text               c_w.l(use_no_semi.o)
    0x0800096a   0x0800096a   0x00000000   Code   RO         9768    .text               c_w.l(indicate_semi.o)
    0x0800096a   0x0800096a   0x0000000a   Code   RO         9777    .text               c_w.l(defsig_exit.o)
    0x08000974   0x08000974   0x0000000e   Code   RO         9779    .text               c_w.l(defsig_abrt_outer.o)
    0x08000982   0x08000982   0x00000002   PAD
    0x08000984   0x08000984   0x00000050   Code   RO         9787    .text               c_w.l(defsig_rtmem_inner.o)
    0x080009d4   0x080009d4   0x00000032   Code   RO         9802    .text               c_w.l(defsig_general.o)
    0x08000a06   0x08000a06   0x00000002   PAD
    0x08000a08   0x08000a08   0x00000030   Code   RO         9804    .text               c_w.l(defsig_abrt_inner.o)
    0x08000a38   0x08000a38   0x0000000e   Code   RO         9826    .text               c_w.l(sys_wrch.o)
    0x08000a46   0x08000a46   0x0000000a   Code   RO         8321    i.$Sub$$main        components.o
    0x08000a50   0x08000a50   0x00000004   Code   RO         2198    i.BusFault_Handler  gd32f4xx_it.o
    0x08000a54   0x08000a54   0x00000020   Code   RO         2199    i.DMA0_Channel1_IRQHandler  gd32f4xx_it.o
    0x08000a74   0x08000a74   0x00000020   Code   RO         2200    i.DMA0_Channel3_IRQHandler  gd32f4xx_it.o
    0x08000a94   0x08000a94   0x00000020   Code   RO         2201    i.DMA0_Channel5_IRQHandler  gd32f4xx_it.o
    0x08000ab4   0x08000ab4   0x00000020   Code   RO         2202    i.DMA0_Channel6_IRQHandler  gd32f4xx_it.o
    0x08000ad4   0x08000ad4   0x00000020   Code   RO         2203    i.DMA1_Channel2_IRQHandler  gd32f4xx_it.o
    0x08000af4   0x08000af4   0x00000020   Code   RO         2204    i.DMA1_Channel7_IRQHandler  gd32f4xx_it.o
    0x08000b14   0x08000b14   0x00000002   Code   RO         2205    i.DebugMon_Handler  gd32f4xx_it.o
    0x08000b16   0x08000b16   0x0000004a   Code   RO         1986    i.LCD_Address_Set   lcd_spi.o
    0x08000b60   0x08000b60   0x000001c8   Code   RO         1987    i.LCD_Init          lcd_spi.o
    0x08000d28   0x08000d28   0x00000068   Code   RO         2076    i.LCD_ShowPicture   lcd.o
    0x08000d90   0x08000d90   0x00000012   Code   RO         1988    i.LCD_WR_DATA       lcd_spi.o
    0x08000da2   0x08000da2   0x0000000c   Code   RO         1989    i.LCD_WR_DATA8      lcd_spi.o
    0x08000dae   0x08000dae   0x00000002   PAD
    0x08000db0   0x08000db0   0x00000034   Code   RO         1990    i.LCD_WR_REG        lcd_spi.o
    0x08000de4   0x08000de4   0x0000007c   Code   RO         1991    i.LCD_Writ_Bus      lcd_spi.o
    0x08000e60   0x08000e60   0x00000004   Code   RO         2206    i.MemManage_Handler  gd32f4xx_it.o
    0x08000e64   0x08000e64   0x00000002   Code   RO         2207    i.NMI_Handler       gd32f4xx_it.o
    0x08000e66   0x08000e66   0x00000002   Code   RO         2208    i.SVC_Handler       gd32f4xx_it.o
    0x08000e68   0x08000e68   0x00000008   Code   RO         9203    i.SysTick_Handler   board.o
    0x08000e70   0x08000e70   0x000000c8   Code   RO         2556    i.SystemInit        system_gd32f4xx.o
    0x08000f38   0x08000f38   0x0000002c   Code   RO         2209    i.TIMER2_IRQHandler  gd32f4xx_it.o
    0x08000f64   0x08000f64   0x0000002c   Code   RO         2210    i.TIMER3_IRQHandler  gd32f4xx_it.o
    0x08000f90   0x08000f90   0x00000004   Code   RO         2211    i.UsageFault_Handler  gd32f4xx_it.o
    0x08000f94   0x08000f94   0x000002d4   Code   RO          311    i._Z11Data_Filterv  task_balance.o
    0x08001268   0x08001268   0x00000088   Code   RO         1180    i._Z11IIC_WaitAckv  mpu_iic.o
    0x080012f0   0x080012f0   0x0000003c   Code   RO         1296    i._Z11MPU_Set_LPFt  mpu9250.o
    0x0800132c   0x0800132c   0x0000009c   Code   RO          312    i._Z11PID_RealizeP3PIDPfii  task_balance.o
    0x080013c8   0x080013c8   0x00000080   Code   RO         1181    i._Z12IIC_ReadByteh  mpu_iic.o
    0x08001448   0x08001448   0x0000009c   Code   RO         1182    i._Z12IIC_SendByteh  mpu_iic.o
    0x080014e4   0x080014e4   0x00000058   Code   RO         1297    i._Z12MPU9250_Initv  mpu9250.o
    0x0800153c   0x0800153c   0x00000070   Code   RO         1183    i._Z12MPU_Read_LenhhhPh  mpu_iic.o
    0x080015ac   0x080015ac   0x0000003c   Code   RO         1298    i._Z12MPU_Set_Ratet  mpu9250.o
    0x080015e8   0x080015e8   0x0000005e   Code   RO          314    i._Z12PID_IncreaseP3PIDPfii  task_balance.o
    0x08001646   0x08001646   0x00000052   Code   RO         1184    i._Z13MPU_Read_Bytehh  mpu_iic.o
    0x08001698   0x08001698   0x0000005c   Code   RO         1185    i._Z13MPU_Write_LenhhhPh  mpu_iic.o
    0x080016f4   0x080016f4   0x0000048c   Code   RO         1425    i._Z13get_st_biasesPlS_h  inv_mpu.o
    0x08001b80   0x08001b80   0x00000016   Code   RO          315    i._Z13range_protectiii  task_balance.o
    0x08001b96   0x08001b96   0x00000096   Code   RO         1299    i._Z13run_self_testv  mpu9250.o
    0x08001c2c   0x08001c2c   0x00000046   Code   RO         1186    i._Z14MPU_Write_Bytehhh  mpu_iic.o
    0x08001c72   0x08001c72   0x00000002   PAD
    0x08001c74   0x08001c74   0x000000b4   Code   RO          429    i._Z14MUSIC_Analysisv  task_music.o
    0x08001d28   0x08001d28   0x00000064   Code   RO         1770    i._Z14decode_gesturePh  inv_mpu_dmp_motion_driver.o
    0x08001d8c   0x08001d8c   0x0000011c   Code   RO         1426    i._Z14gyro_self_testPlS_  inv_mpu.o
    0x08001ea8   0x08001ea8   0x00000090   Code   RO         1427    i._Z14set_int_enableh  inv_mpu.o
    0x08001f38   0x08001f38   0x00000238   Code   RO          316    i._Z15Balance_Controlv  task_balance.o
    0x08002170   0x08002170   0x000000c0   Code   RO         1428    i._Z15accel_self_testPlS_  inv_mpu.o
    0x08002230   0x08002230   0x0000004e   Code   RO         1300    i._Z15inv_row_2_scalePKa  mpu9250.o
    0x0800227e   0x0800227e   0x00000012   Code   RO         1301    i._Z16MPU_Set_Gyro_Fsrh  mpu9250.o
    0x08002290   0x08002290   0x00000088   Code   RO         1302    i._Z17MPU_Get_Gyroscopev  mpu9250.o
    0x08002318   0x08002318   0x00000012   Code   RO         1303    i._Z17MPU_Set_Accel_Fsrh  mpu9250.o
    0x0800232a   0x0800232a   0x00000002   PAD
    0x0800232c   0x0800232c   0x000000d0   Code   RO         1429    i._Z20get_accel_prod_shiftPf  inv_mpu.o
    0x080023fc   0x080023fc   0x00000088   Code   RO         1306    i._Z21MPU_Get_Accelerometerv  mpu9250.o
    0x08002484   0x08002484   0x00000028   Code   RO         1307    i._Z32inv_orientation_matrix_to_scalarPKa  mpu9250.o
    0x080024ac   0x080024ac   0x0000006c   Code   RO         1187    i._Z7IIC_Ackv       mpu_iic.o
    0x08002518   0x08002518   0x00000048   Code   RO         1308    i._Z8DMP_Initv      mpu9250.o
    0x08002560   0x08002560   0x0000006c   Code   RO         1188    i._Z8IIC_NAckv      mpu_iic.o
    0x080025cc   0x080025cc   0x0000006c   Code   RO         1189    i._Z8IIC_Stopv      mpu_iic.o
    0x08002638   0x08002638   0x000001b8   Code   RO         1309    i._Z8Read_DMPv      mpu9250.o
    0x080027f0   0x080027f0   0x0000000e   Code   RO         1190    i._Z8delay5msv      mpu_iic.o
    0x080027fe   0x080027fe   0x00000002   PAD
    0x08002800   0x08002800   0x0000009c   Code   RO         1191    i._Z9IIC_Startv     mpu_iic.o
    0x0800289c   0x0800289c   0x0000000e   Code   RO         1192    i._Z9IIC_delayv     mpu_iic.o
    0x080028aa   0x080028aa   0x00000002   PAD
    0x080028ac   0x080028ac   0x0000003c   Code   RO          430    i._ZN10TASK_MUSIC9MUSIC_FUNEPv  task_music.o
    0x080028e8   0x080028e8   0x00000024   Code   RO          431    i._ZN10TASK_MUSICC1Ev  task_music.o
    0x0800290c   0x0800290c   0x0000017c   Code   RO          991    i._ZN10UART0_F4504InitEj  uart_f450.o
    0x08002a88   0x08002a88   0x0000017c   Code   RO          995    i._ZN10UART1_F4504InitEj  uart_f450.o
    0x08002c04   0x08002c04   0x00000358   Code   RO          392    i._ZN11TASK_SCREEN10SCREEN_FUNEPv  task_screen.o
    0x08002f5c   0x08002f5c   0x00000024   Code   RO          393    i._ZN11TASK_SCREENC1Ev  task_screen.o
    0x08002f80   0x08002f80   0x000000a0   Code   RO          317    i._ZN12TASK_BALANCE11BALANCE_FUNEPv  task_balance.o
    0x08003020   0x08003020   0x00000028   Code   RO          318    i._ZN12TASK_BALANCEC1Ev  task_balance.o
    0x08003048   0x08003048   0x00000002   Code   RO          714    i._ZN2IO3SetEv      io_f450.o
    0x0800304a   0x0800304a   0x00000006   Code   RO          732    i._ZN2IO4GetsEv     io_f450.o
    0x08003050   0x08003050   0x00000002   Code   RO          738    i._ZN2IO4InitEv     io_f450.o
    0x08003052   0x08003052   0x00000002   Code   RO          720    i._ZN2IO5ResetEv    io_f450.o
    0x08003054   0x08003054   0x00000002   Code   RO          726    i._ZN2IO6ToggleEv   io_f450.o
    0x08003056   0x08003056   0x00000012   Code   RO         2473    i._ZN2OS10timer_stopEP5TIMER  os.o
    0x08003068   0x08003068   0x00000012   Code   RO         2474    i._ZN2OS11timer_startEP5TIMER  os.o
    0x0800307a   0x0800307a   0x0000001a   Code   RO         2475    i._ZN2OS12create_timerEP5TIMER  os.o
    0x08003094   0x08003094   0x00000010   Code   RO         2476    i._ZN2OS12thread_startEP9rt_thread  os.o
    0x080030a4   0x080030a4   0x00000010   Code   RO         2477    i._ZN2OS13delete_threadEP9rt_thread  os.o
    0x080030b4   0x080030b4   0x00000010   Code   RO         2478    i._ZN2OS4InitEv     os.o
    0x080030c4   0x080030c4   0x00000010   Code   RO         2479    i._ZN2OS8delay_msEy  os.o
    0x080030d4   0x080030d4   0x0000001c   Code   RO         2481    i._ZN2OS9newthreadEP4TASK  os.o
    0x080030f0   0x080030f0   0x00000002   Code   RO          572    i._ZN3ADC4InitEv    bsp_f450.o
    0x080030f2   0x080030f2   0x00000002   Code   RO          578    i._ZN3ADC9PeriodRunEv  bsp_f450.o
    0x080030f4   0x080030f4   0x00000002   Code   RO          584    i._ZN3TIM4InitEv    bsp_f450.o
    0x080030f6   0x080030f6   0x00000004   Code   RO          602    i._ZN3TIM7ReadCntEv  bsp_f450.o
    0x080030fa   0x080030fa   0x00000002   Code   RO          590    i._ZN3TIM7SetDUTYEs  bsp_f450.o
    0x080030fc   0x080030fc   0x00000002   Code   RO          596    i._ZN3TIM7SetFREQEf  bsp_f450.o
    0x080030fe   0x080030fe   0x00000002   PAD
    0x08003100   0x08003100   0x0000000c   Code   RO          530    i._ZN3TIMC1Ev       bsp_f450.o
    0x0800310c   0x0800310c   0x00000002   Code   RO          548    i._ZN4UART4InitEj   bsp_f450.o
    0x0800310e   0x0800310e   0x00000002   PAD
    0x08003110   0x08003110   0x0000000c   Code   RO          527    i._ZN4UARTC1Ev      bsp_f450.o
    0x0800311c   0x0800311c   0x00000010   Code   RO          646    i._ZN7IO_F4503SetEv  io_f450.o
    0x0800312c   0x0800312c   0x0000000e   Code   RO          647    i._ZN7IO_F4504GetsEv  io_f450.o
    0x0800313a   0x0800313a   0x00000002   PAD
    0x0800313c   0x0800313c   0x000000a8   Code   RO          648    i._ZN7IO_F4504InitEv  io_f450.o
    0x080031e4   0x080031e4   0x00000010   Code   RO          649    i._ZN7IO_F4505ResetEv  io_f450.o
    0x080031f4   0x080031f4   0x0000000e   Code   RO          650    i._ZN7IO_F4506ToggleEv  io_f450.o
    0x08003202   0x08003202   0x00000002   PAD
    0x08003204   0x08003204   0x00000018   Code   RO          652    i._ZN7IO_F450C1Ejj  io_f450.o
    0x0800321c   0x0800321c   0x0000007e   Code   RO          502    i._ZN8BSP_F4504InitEv  bsp_f450.o
    0x0800329a   0x0800329a   0x00000002   PAD
    0x0800329c   0x0800329c   0x00000204   Code   RO          503    i._ZN8BSP_F450C1Ev  bsp_f450.o
    0x080034a0   0x080034a0   0x00000014   Code   RO          270    i._ZN8TASK_MPU7MPU_FUNEPv  task_mpu.o
    0x080034b4   0x080034b4   0x00000024   Code   RO          271    i._ZN8TASK_MPUC1Ev  task_mpu.o
    0x080034d8   0x080034d8   0x00000144   Code   RO          762    i._ZN9ADC0_F4504InitEv  adc_f450.o
    0x0800361c   0x0800361c   0x000000e0   Code   RO          763    i._ZN9ADC0_F4509PeriodRunEv  adc_f450.o
    0x080036fc   0x080036fc   0x00000024   Code   RO          471    i._ZN9OS_Timer113OS_Timer1_FUNEPv  os_timer.o
    0x08003720   0x08003720   0x00000020   Code   RO          472    i._ZN9OS_Timer1C1Ev  os_timer.o
    0x08003740   0x08003740   0x00000164   Code   RO          796    i._ZN9TIM0_F4504InitEv  tim_f450.o
    0x080038a4   0x080038a4   0x00000120   Code   RO          797    i._ZN9TIM0_F4507SetDUTYEs  tim_f450.o
    0x080039c4   0x080039c4   0x00000018   Code   RO          798    i._ZN9TIM0_F450C1Eh  tim_f450.o
    0x080039dc   0x080039dc   0x000000dc   Code   RO          799    i._ZN9TIM2_F4504InitEv  tim_f450.o
    0x08003ab8   0x08003ab8   0x00000020   Code   RO          800    i._ZN9TIM2_F4507ReadCntEv  tim_f450.o
    0x08003ad8   0x08003ad8   0x000000e0   Code   RO          801    i._ZN9TIM3_F4504InitEv  tim_f450.o
    0x08003bb8   0x08003bb8   0x00000020   Code   RO          802    i._ZN9TIM3_F4507ReadCntEv  tim_f450.o
    0x08003bd8   0x08003bd8   0x000000e4   Code   RO          803    i._ZN9TIM8_F4504InitEv  tim_f450.o
    0x08003cbc   0x08003cbc   0x0000002c   Code   RO          804    i._ZN9TIM8_F4507SetDUTYEs  tim_f450.o
    0x08003ce8   0x08003ce8   0x00000064   Code   RO          805    i._ZN9TIM8_F4507SetFREQEf  tim_f450.o
    0x08003d4c   0x08003d4c   0x00000028   Code   RO         9259    i._Znwj             cpprt_w.l(new.o)
    0x08003d74   0x08003d74   0x00000026   Code   RO         9593    i.__ARM_fpclassifyf  m_wm.l(fpclassifyf.o)
    0x08003d9a   0x08003d9a   0x00000002   PAD
    0x08003d9c   0x08003d9c   0x00000028   Code   RO         2426    i.__NVIC_SetPriority  systick.o
    0x08003dc4   0x08003dc4   0x0000012c   Code   RO         9401    i.__hardfp_asinf    m_wm.l(asinf.o)
    0x08003ef0   0x08003ef0   0x000002ac   Code   RO         9413    i.__hardfp_atan2f   m_wm.l(atan2f.o)
    0x0800419c   0x0800419c   0x0000003a   Code   RO         9425    i.__hardfp_sqrtf    m_wm.l(sqrtf.o)
    0x080041d6   0x080041d6   0x00000006   Code   RO         9596    i.__mathlib_flt_infnan  m_wm.l(funder.o)
    0x080041dc   0x080041dc   0x00000006   Code   RO         9597    i.__mathlib_flt_infnan2  m_wm.l(funder.o)
    0x080041e2   0x080041e2   0x00000002   PAD
    0x080041e4   0x080041e4   0x00000010   Code   RO         9598    i.__mathlib_flt_invalid  m_wm.l(funder.o)
    0x080041f4   0x080041f4   0x00000010   Code   RO         9601    i.__mathlib_flt_underflow  m_wm.l(funder.o)
    0x08004204   0x08004204   0x0000004c   Code   RO         8591    i.__rt_ffs          kservice.o
    0x08004250   0x08004250   0x00000040   Code   RO            4    i.__sti___8_main_cpp_BSP  main.o
    0x08004290   0x08004290   0x00000084   Code   RO         8959    i._rt_thread_init   thread.o
    0x08004314   0x08004314   0x00000042   Code   RO         9091    i._rt_timer_init    timer.o
    0x08004356   0x08004356   0x0000001c   Code   RO         9092    i._rt_timer_remove  timer.o
    0x08004372   0x08004372   0x0000001c   Code   RO         8960    i._thread_cleanup_execute  thread.o
    0x0800438e   0x0800438e   0x0000002a   Code   RO         2608    i.adc_calibration_enable  gd32f4xx_adc.o
    0x080043b8   0x080043b8   0x00000052   Code   RO         2610    i.adc_channel_length_config  gd32f4xx_adc.o
    0x0800440a   0x0800440a   0x00000002   PAD
    0x0800440c   0x0800440c   0x00000024   Code   RO         2611    i.adc_clock_config  gd32f4xx_adc.o
    0x08004430   0x08004430   0x00000016   Code   RO         2612    i.adc_data_alignment_config  gd32f4xx_adc.o
    0x08004446   0x08004446   0x0000000a   Code   RO         2617    i.adc_dma_mode_enable  gd32f4xx_adc.o
    0x08004450   0x08004450   0x0000000a   Code   RO         2619    i.adc_dma_request_after_last_enable  gd32f4xx_adc.o
    0x0800445a   0x0800445a   0x00000012   Code   RO         2620    i.adc_enable        gd32f4xx_adc.o
    0x0800446c   0x0800446c   0x00000034   Code   RO         2622    i.adc_external_trigger_config  gd32f4xx_adc.o
    0x080044a0   0x080044a0   0x00000030   Code   RO         2623    i.adc_external_trigger_source_config  gd32f4xx_adc.o
    0x080044d0   0x080044d0   0x000000ac   Code   RO         2637    i.adc_regular_channel_config  gd32f4xx_adc.o
    0x0800457c   0x0800457c   0x00000024   Code   RO         2641    i.adc_software_trigger_enable  gd32f4xx_adc.o
    0x080045a0   0x080045a0   0x0000005a   Code   RO         2642    i.adc_special_function_config  gd32f4xx_adc.o
    0x080045fa   0x080045fa   0x00000002   PAD
    0x080045fc   0x080045fc   0x00000024   Code   RO         2647    i.adc_sync_mode_config  gd32f4xx_adc.o
    0x08004620   0x08004620   0x00000020   Code   RO         3719    i.dma_channel_enable  gd32f4xx_dma.o
    0x08004640   0x08004640   0x00000026   Code   RO         3720    i.dma_channel_subperipheral_select  gd32f4xx_dma.o
    0x08004666   0x08004666   0x00000020   Code   RO         3721    i.dma_circulation_disable  gd32f4xx_dma.o
    0x08004686   0x08004686   0x00000020   Code   RO         3722    i.dma_circulation_enable  gd32f4xx_dma.o
    0x080046a6   0x080046a6   0x000000a4   Code   RO         3723    i.dma_deinit        gd32f4xx_dma.o
    0x0800474a   0x0800474a   0x0000003e   Code   RO         3729    i.dma_interrupt_enable  gd32f4xx_dma.o
    0x08004788   0x08004788   0x0000003e   Code   RO         3730    i.dma_interrupt_flag_clear  gd32f4xx_dma.o
    0x080047c6   0x080047c6   0x00000204   Code   RO         3731    i.dma_interrupt_flag_get  gd32f4xx_dma.o
    0x080049ca   0x080049ca   0x00000002   PAD
    0x080049cc   0x080049cc   0x00000158   Code   RO         3743    i.dma_single_data_mode_init  gd32f4xx_dma.o
    0x08004b24   0x08004b24   0x00000022   Code   RO         3744    i.dma_single_data_para_struct_init  gd32f4xx_dma.o
    0x08004b46   0x08004b46   0x0000003c   Code   RO         1773    i.dmp_enable_6x_lp_quat  inv_mpu_dmp_motion_driver.o
    0x08004b82   0x08004b82   0x00000002   PAD
    0x08004b84   0x08004b84   0x0000021c   Code   RO         1774    i.dmp_enable_feature  inv_mpu_dmp_motion_driver.o
    0x08004da0   0x08004da0   0x00000058   Code   RO         1775    i.dmp_enable_gyro_cal  inv_mpu_dmp_motion_driver.o
    0x08004df8   0x08004df8   0x0000003c   Code   RO         1776    i.dmp_enable_lp_quat  inv_mpu_dmp_motion_driver.o
    0x08004e34   0x08004e34   0x00000018   Code   RO         1781    i.dmp_load_motion_driver_firmware  inv_mpu_dmp_motion_driver.o
    0x08004e4c   0x08004e4c   0x000001cc   Code   RO         1782    i.dmp_read_fifo     inv_mpu_dmp_motion_driver.o
    0x08005018   0x08005018   0x00000130   Code   RO         1783    i.dmp_set_accel_bias  inv_mpu_dmp_motion_driver.o
    0x08005148   0x08005148   0x00000070   Code   RO         1784    i.dmp_set_fifo_rate  inv_mpu_dmp_motion_driver.o
    0x080051b8   0x080051b8   0x00000130   Code   RO         1785    i.dmp_set_gyro_bias  inv_mpu_dmp_motion_driver.o
    0x080052e8   0x080052e8   0x00000138   Code   RO         1787    i.dmp_set_orientation  inv_mpu_dmp_motion_driver.o
    0x08005420   0x08005420   0x00000038   Code   RO         1790    i.dmp_set_shake_reject_thresh  inv_mpu_dmp_motion_driver.o
    0x08005458   0x08005458   0x00000026   Code   RO         1791    i.dmp_set_shake_reject_time  inv_mpu_dmp_motion_driver.o
    0x0800547e   0x0800547e   0x00000026   Code   RO         1792    i.dmp_set_shake_reject_timeout  inv_mpu_dmp_motion_driver.o
    0x080054a4   0x080054a4   0x00000046   Code   RO         1793    i.dmp_set_tap_axes  inv_mpu_dmp_motion_driver.o
    0x080054ea   0x080054ea   0x00000026   Code   RO         1794    i.dmp_set_tap_count  inv_mpu_dmp_motion_driver.o
    0x08005510   0x08005510   0x000001c0   Code   RO         1795    i.dmp_set_tap_thresh  inv_mpu_dmp_motion_driver.o
    0x080056d0   0x080056d0   0x00000026   Code   RO         1796    i.dmp_set_tap_time  inv_mpu_dmp_motion_driver.o
    0x080056f6   0x080056f6   0x00000026   Code   RO         1797    i.dmp_set_tap_time_multi  inv_mpu_dmp_motion_driver.o
    0x0800571c   0x0800571c   0x0000005e   Code   RO         5119    i.gpio_af_set       gd32f4xx_gpio.o
    0x0800577a   0x0800577a   0x00000004   Code   RO         5122    i.gpio_bit_toggle   gd32f4xx_gpio.o
    0x0800577e   0x0800577e   0x0000000a   Code   RO         5123    i.gpio_bit_write    gd32f4xx_gpio.o
    0x08005788   0x08005788   0x00000010   Code   RO         5125    i.gpio_input_bit_get  gd32f4xx_gpio.o
    0x08005798   0x08005798   0x0000004e   Code   RO         5127    i.gpio_mode_set     gd32f4xx_gpio.o
    0x080057e6   0x080057e6   0x00000042   Code   RO         5129    i.gpio_output_options_set  gd32f4xx_gpio.o
    0x08005828   0x08005828   0x000000c4   Code   RO            5    i.main              main.o
    0x080058ec   0x080058ec   0x0000000e   Code   RO         8322    i.main_thread_entry  components.o
    0x080058fa   0x080058fa   0x00000002   PAD
    0x080058fc   0x080058fc   0x00000070   Code   RO         1430    i.mpu_configure_fifo  inv_mpu.o
    0x0800596c   0x0800596c   0x0000004c   Code   RO         1431    i.mpu_get_accel_fsr  inv_mpu.o
    0x080059b8   0x080059b8   0x00000054   Code   RO         1433    i.mpu_get_accel_sens  inv_mpu.o
    0x08005a0c   0x08005a0c   0x00000010   Code   RO         1438    i.mpu_get_fifo_config  inv_mpu.o
    0x08005a1c   0x08005a1c   0x00000044   Code   RO         1439    i.mpu_get_gyro_fsr  inv_mpu.o
    0x08005a60   0x08005a60   0x00000060   Code   RO         1441    i.mpu_get_gyro_sens  inv_mpu.o
    0x08005ac0   0x08005ac0   0x00000050   Code   RO         1443    i.mpu_get_lpf       inv_mpu.o
    0x08005b10   0x08005b10   0x00000020   Code   RO         1445    i.mpu_get_sample_rate  inv_mpu.o
    0x08005b30   0x08005b30   0x00000100   Code   RO         1447    i.mpu_init          inv_mpu.o
    0x08005c30   0x08005c30   0x000000b8   Code   RO         1448    i.mpu_load_firmware  inv_mpu.o
    0x08005ce8   0x08005ce8   0x000000e0   Code   RO         1449    i.mpu_lp_accel_mode  inv_mpu.o
    0x08005dc8   0x08005dc8   0x000000c0   Code   RO         1452    i.mpu_read_fifo_stream  inv_mpu.o
    0x08005e88   0x08005e88   0x00000080   Code   RO         1453    i.mpu_read_mem      inv_mpu.o
    0x08005f08   0x08005f08   0x000001bc   Code   RO         1456    i.mpu_reset_fifo    inv_mpu.o
    0x080060c4   0x080060c4   0x0000011c   Code   RO         1457    i.mpu_run_self_test  inv_mpu.o
    0x080061e0   0x080061e0   0x00000084   Code   RO         1459    i.mpu_set_accel_fsr  inv_mpu.o
    0x08006264   0x08006264   0x0000015c   Code   RO         1460    i.mpu_set_bypass    inv_mpu.o
    0x080063c0   0x080063c0   0x00000090   Code   RO         1462    i.mpu_set_dmp_state  inv_mpu.o
    0x08006450   0x08006450   0x00000088   Code   RO         1463    i.mpu_set_gyro_fsr  inv_mpu.o
    0x080064d8   0x080064d8   0x0000006c   Code   RO         1464    i.mpu_set_int_latched  inv_mpu.o
    0x08006544   0x08006544   0x00000084   Code   RO         1466    i.mpu_set_lpf       inv_mpu.o
    0x080065c8   0x080065c8   0x0000009c   Code   RO         1467    i.mpu_set_sample_rate  inv_mpu.o
    0x08006664   0x08006664   0x000000d8   Code   RO         1468    i.mpu_set_sensors   inv_mpu.o
    0x0800673c   0x0800673c   0x00000080   Code   RO         1469    i.mpu_write_mem     inv_mpu.o
    0x080067bc   0x080067bc   0x00000002   Code   RO         1470    i.myget_ms          inv_mpu.o
    0x080067be   0x080067be   0x00000002   PAD
    0x080067c0   0x080067c0   0x000000c4   Code   RO         5708    i.nvic_irq_enable   gd32f4xx_misc.o
    0x08006884   0x08006884   0x00000014   Code   RO         5709    i.nvic_priority_group_set  gd32f4xx_misc.o
    0x08006898   0x08006898   0x00000078   Code   RO         8749    i.plug_holes        mem.o
    0x08006910   0x08006910   0x00000124   Code   RO         5915    i.rcu_clock_freq_get  gd32f4xx_rcu.o
    0x08006a34   0x08006a34   0x00000024   Code   RO         5934    i.rcu_periph_clock_enable  gd32f4xx_rcu.o
    0x08006a58   0x08006a58   0x00000024   Code   RO         5937    i.rcu_periph_reset_disable  gd32f4xx_rcu.o
    0x08006a7c   0x08006a7c   0x00000024   Code   RO         5938    i.rcu_periph_reset_enable  gd32f4xx_rcu.o
    0x08006aa0   0x08006aa0   0x00000024   Code   RO         5950    i.rcu_timer_clock_prescaler_config  gd32f4xx_rcu.o
    0x08006ac4   0x08006ac4   0x00000030   Code   RO         8323    i.rt_application_init  components.o
    0x08006af4   0x08006af4   0x0000001c   Code   RO         8324    i.rt_components_board_init  components.o
    0x08006b10   0x08006b10   0x0000001c   Code   RO         8325    i.rt_components_init  components.o
    0x08006b2c   0x08006b2c   0x00000020   Code   RO         8893    i.rt_enter_critical  scheduler.o
    0x08006b4c   0x08006b4c   0x00000044   Code   RO         8894    i.rt_exit_critical  scheduler.o
    0x08006b90   0x08006b90   0x00000078   Code   RO         8751    i.rt_free           mem.o
    0x08006c08   0x08006c08   0x00000008   Code   RO         9204    i.rt_heap_begin_get  board.o
    0x08006c10   0x08006c10   0x00000008   Code   RO         9205    i.rt_heap_end_get   board.o
    0x08006c18   0x08006c18   0x00000022   Code   RO         9206    i.rt_hw_board_init  board.o
    0x08006c3a   0x08006c3a   0x00000002   PAD
    0x08006c3c   0x08006c3c   0x0000002c   Code   RO         8226    i.rt_hw_hard_fault_exception  cpuport.o
    0x08006c68   0x08006c68   0x00000050   Code   RO         8227    i.rt_hw_stack_init  cpuport.o
    0x08006cb8   0x08006cb8   0x00000020   Code   RO         8564    i.rt_interrupt_enter  irq.o
    0x08006cd8   0x08006cd8   0x00000020   Code   RO         8566    i.rt_interrupt_leave  irq.o
    0x08006cf8   0x08006cf8   0x00000014   Code   RO         8424    i.rt_ipc_list_resume  ipc.o
    0x08006d0c   0x08006d0c   0x0000006e   Code   RO         8426    i.rt_ipc_list_suspend  ipc.o
    0x08006d7a   0x08006d7a   0x00000010   Code   RO         8427    i.rt_ipc_object_init  ipc.o
    0x08006d8a   0x08006d8a   0x00000006   Code   RO         8428    i.rt_list_init      ipc.o
    0x08006d90   0x08006d90   0x00000006   Code   RO         8895    i.rt_list_init      scheduler.o
    0x08006d96   0x08006d96   0x00000006   Code   RO         9093    i.rt_list_init      timer.o
    0x08006d9c   0x08006d9c   0x0000000e   Code   RO         8805    i.rt_list_insert_after  object.o
    0x08006daa   0x08006daa   0x0000000e   Code   RO         8961    i.rt_list_insert_after  thread.o
    0x08006db8   0x08006db8   0x0000000e   Code   RO         9094    i.rt_list_insert_after  timer.o
    0x08006dc6   0x08006dc6   0x0000000e   Code   RO         8429    i.rt_list_insert_before  ipc.o
    0x08006dd4   0x08006dd4   0x00000010   Code   RO         8430    i.rt_list_isempty   ipc.o
    0x08006de4   0x08006de4   0x00000010   Code   RO         9095    i.rt_list_isempty   timer.o
    0x08006df4   0x08006df4   0x00000012   Code   RO         8806    i.rt_list_remove    object.o
    0x08006e06   0x08006e06   0x00000012   Code   RO         8962    i.rt_list_remove    thread.o
    0x08006e18   0x08006e18   0x00000012   Code   RO         9096    i.rt_list_remove    timer.o
    0x08006e2a   0x08006e2a   0x00000002   PAD
    0x08006e2c   0x08006e2c   0x0000016c   Code   RO         8752    i.rt_malloc         mem.o
    0x08006f98   0x08006f98   0x00000048   Code   RO         8600    i.rt_memset         kservice.o
    0x08006fe0   0x08006fe0   0x00000054   Code   RO         8807    i.rt_object_allocate  object.o
    0x08007034   0x08007034   0x00000024   Code   RO         8808    i.rt_object_delete  object.o
    0x08007058   0x08007058   0x0000001e   Code   RO         8809    i.rt_object_detach  object.o
    0x08007076   0x08007076   0x00000002   PAD
    0x08007078   0x08007078   0x00000028   Code   RO         8811    i.rt_object_get_information  object.o
    0x080070a0   0x080070a0   0x00000056   Code   RO         8815    i.rt_object_init    object.o
    0x080070f6   0x080070f6   0x00000012   Code   RO         8816    i.rt_object_is_systemobject  object.o
    0x08007108   0x08007108   0x00000010   Code   RO         9207    i.rt_os_tick_callback  board.o
    0x08007118   0x08007118   0x00000084   Code   RO         8896    i.rt_schedule       scheduler.o
    0x0800719c   0x0800719c   0x00000050   Code   RO         8897    i.rt_schedule_insert_thread  scheduler.o
    0x080071ec   0x080071ec   0x00000054   Code   RO         8898    i.rt_schedule_remove_thread  scheduler.o
    0x08007240   0x08007240   0x00000026   Code   RO         8443    i.rt_sem_init       ipc.o
    0x08007266   0x08007266   0x00000052   Code   RO         8444    i.rt_sem_release    ipc.o
    0x080072b8   0x080072b8   0x00000074   Code   RO         8445    i.rt_sem_take       ipc.o
    0x0800732c   0x0800732c   0x00000002   Code   RO         8602    i.rt_show_version   kservice.o
    0x0800732e   0x0800732e   0x00000034   Code   RO         8610    i.rt_strncpy        kservice.o
    0x08007362   0x08007362   0x00000002   PAD
    0x08007364   0x08007364   0x000000b0   Code   RO         8755    i.rt_system_heap_init  mem.o
    0x08007414   0x08007414   0x0000004c   Code   RO         8899    i.rt_system_scheduler_init  scheduler.o
    0x08007460   0x08007460   0x00000030   Code   RO         8900    i.rt_system_scheduler_start  scheduler.o
    0x08007490   0x08007490   0x0000001c   Code   RO         9097    i.rt_system_timer_init  timer.o
    0x080074ac   0x080074ac   0x00000002   Code   RO         9098    i.rt_system_timer_thread_init  timer.o
    0x080074ae   0x080074ae   0x00000050   Code   RO         8964    i.rt_thread_create  thread.o
    0x080074fe   0x080074fe   0x00000002   PAD
    0x08007500   0x08007500   0x00000058   Code   RO         8967    i.rt_thread_delete  thread.o
    0x08007558   0x08007558   0x00000058   Code   RO         8969    i.rt_thread_exit    thread.o
    0x080075b0   0x080075b0   0x00000008   Code   RO         8389    i.rt_thread_idle_entry  idle.o
    0x080075b8   0x080075b8   0x00000060   Code   RO         8390    i.rt_thread_idle_excute  idle.o
    0x08007618   0x08007618   0x0000003c   Code   RO         8392    i.rt_thread_idle_init  idle.o
    0x08007654   0x08007654   0x00000034   Code   RO         8971    i.rt_thread_init    thread.o
    0x08007688   0x08007688   0x00000014   Code   RO         8972    i.rt_thread_mdelay  thread.o
    0x0800769c   0x0800769c   0x0000003c   Code   RO         8973    i.rt_thread_resume  thread.o
    0x080076d8   0x080076d8   0x0000000c   Code   RO         8974    i.rt_thread_self    thread.o
    0x080076e4   0x080076e4   0x00000044   Code   RO         8975    i.rt_thread_sleep   thread.o
    0x08007728   0x08007728   0x0000002c   Code   RO         8976    i.rt_thread_startup  thread.o
    0x08007754   0x08007754   0x00000044   Code   RO         8977    i.rt_thread_suspend  thread.o
    0x08007798   0x08007798   0x00000020   Code   RO         8978    i.rt_thread_timeout  thread.o
    0x080077b8   0x080077b8   0x00000064   Code   RO         8979    i.rt_thread_yield   thread.o
    0x0800781c   0x0800781c   0x00000038   Code   RO         8281    i.rt_tick_from_millisecond  clock.o
    0x08007854   0x08007854   0x0000000c   Code   RO         8282    i.rt_tick_get       clock.o
    0x08007860   0x08007860   0x00000030   Code   RO         8283    i.rt_tick_increase  clock.o
    0x08007890   0x08007890   0x000000a4   Code   RO         9099    i.rt_timer_check    timer.o
    0x08007934   0x08007934   0x00000062   Code   RO         9100    i.rt_timer_control  timer.o
    0x08007996   0x08007996   0x00000036   Code   RO         9101    i.rt_timer_create   timer.o
    0x080079cc   0x080079cc   0x00000028   Code   RO         9103    i.rt_timer_detach   timer.o
    0x080079f4   0x080079f4   0x0000002e   Code   RO         9104    i.rt_timer_init     timer.o
    0x08007a22   0x08007a22   0x00000002   PAD
    0x08007a24   0x08007a24   0x000000ec   Code   RO         9107    i.rt_timer_start    timer.o
    0x08007b10   0x08007b10   0x00000030   Code   RO         9108    i.rt_timer_stop     timer.o
    0x08007b40   0x08007b40   0x00000004   Code   RO         8326    i.rti_board_end     components.o
    0x08007b44   0x08007b44   0x00000004   Code   RO         8327    i.rti_board_start   components.o
    0x08007b48   0x08007b48   0x00000004   Code   RO         8328    i.rti_end           components.o
    0x08007b4c   0x08007b4c   0x00000004   Code   RO         8329    i.rti_start         components.o
    0x08007b50   0x08007b50   0x0000002a   Code   RO         8330    i.rtthread_startup  components.o
    0x08007b7a   0x08007b7a   0x0000003e   Code   RO         9427    i.sqrtf             m_wm.l(sqrtf.o)
    0x08007bb8   0x08007bb8   0x000000fc   Code   RO         2557    i.system_clock_200m_8m_hxtal  system_gd32f4xx.o
    0x08007cb4   0x08007cb4   0x00000008   Code   RO         2558    i.system_clock_config  system_gd32f4xx.o
    0x08007cbc   0x08007cbc   0x00000050   Code   RO         2429    i.systick_config    systick.o
    0x08007d0c   0x08007d0c   0x0000000a   Code   RO         7089    i.timer_auto_reload_shadow_enable  gd32f4xx_timer.o
    0x08007d16   0x08007d16   0x0000005a   Code   RO         7103    i.timer_channel_input_capture_prescaler_config  gd32f4xx_timer.o
    0x08007d70   0x08007d70   0x000001ec   Code   RO         7106    i.timer_channel_output_config  gd32f4xx_timer.o
    0x08007f5c   0x08007f5c   0x0000005a   Code   RO         7108    i.timer_channel_output_mode_config  gd32f4xx_timer.o
    0x08007fb6   0x08007fb6   0x00000026   Code   RO         7110    i.timer_channel_output_pulse_value_config  gd32f4xx_timer.o
    0x08007fdc   0x08007fdc   0x0000005a   Code   RO         7111    i.timer_channel_output_shadow_config  gd32f4xx_timer.o
    0x08008036   0x08008036   0x00000008   Code   RO         7117    i.timer_counter_read  gd32f4xx_timer.o
    0x0800803e   0x0800803e   0x00000004   Code   RO         7119    i.timer_counter_value_config  gd32f4xx_timer.o
    0x08008042   0x08008042   0x00000002   PAD
    0x08008044   0x08008044   0x00000184   Code   RO         7120    i.timer_deinit      gd32f4xx_timer.o
    0x080081c8   0x080081c8   0x0000000a   Code   RO         7125    i.timer_enable      gd32f4xx_timer.o
    0x080081d2   0x080081d2   0x00000002   PAD
    0x080081d4   0x080081d4   0x00000098   Code   RO         7135    i.timer_init        gd32f4xx_timer.o
    0x0800826c   0x0800826c   0x00000146   Code   RO         7136    i.timer_input_capture_config  gd32f4xx_timer.o
    0x080083b2   0x080083b2   0x00000008   Code   RO         7142    i.timer_interrupt_enable  gd32f4xx_timer.o
    0x080083ba   0x080083ba   0x00000006   Code   RO         7143    i.timer_interrupt_flag_clear  gd32f4xx_timer.o
    0x080083c0   0x080083c0   0x00000018   Code   RO         7144    i.timer_interrupt_flag_get  gd32f4xx_timer.o
    0x080083d8   0x080083d8   0x00000018   Code   RO         7150    i.timer_primary_output_config  gd32f4xx_timer.o
    0x080083f0   0x080083f0   0x00000040   Code   RO         7151    i.timer_quadrature_decoder_mode_config  gd32f4xx_timer.o
    0x08008430   0x08008430   0x000000e8   Code   RO         7785    i.usart_baudrate_set  gd32f4xx_usart.o
    0x08008518   0x08008518   0x000000dc   Code   RO         7791    i.usart_deinit      gd32f4xx_usart.o
    0x080085f4   0x080085f4   0x00000010   Code   RO         7793    i.usart_dma_receive_config  gd32f4xx_usart.o
    0x08008604   0x08008604   0x00000010   Code   RO         7794    i.usart_dma_transmit_config  gd32f4xx_usart.o
    0x08008614   0x08008614   0x0000000a   Code   RO         7795    i.usart_enable      gd32f4xx_usart.o
    0x0800861e   0x0800861e   0x00000010   Code   RO         7818    i.usart_oversample_config  gd32f4xx_usart.o
    0x0800862e   0x0800862e   0x00000010   Code   RO         7820    i.usart_parity_config  gd32f4xx_usart.o
    0x0800863e   0x0800863e   0x00000010   Code   RO         7822    i.usart_receive_config  gd32f4xx_usart.o
    0x0800864e   0x0800864e   0x00000010   Code   RO         7833    i.usart_stop_bit_set  gd32f4xx_usart.o
    0x0800865e   0x0800865e   0x00000010   Code   RO         7837    i.usart_transmit_config  gd32f4xx_usart.o
    0x0800866e   0x0800866e   0x00000010   Code   RO         7838    i.usart_word_length_set  gd32f4xx_usart.o
    0x0800867e   0x0800867e   0x00000002   PAD
    0x08008680   0x08008680   0x00000062   Code   RO         9369    x$fpl$d2f           fz_wm.l(d2f.o)
    0x080086e2   0x080086e2   0x00000002   PAD
    0x080086e4   0x080086e4   0x00000150   Code   RO         9371    x$fpl$dadd          fz_wm.l(daddsub_clz.o)
    0x08008834   0x08008834   0x00000018   Code   RO         9582    x$fpl$dcmpinf       fz_wm.l(dcmpi.o)
    0x0800884c   0x0800884c   0x000002b0   Code   RO         9378    x$fpl$ddiv          fz_wm.l(ddiv.o)
    0x08008afc   0x08008afc   0x0000005e   Code   RO         9381    x$fpl$dfix          fz_wm.l(dfix.o)
    0x08008b5a   0x08008b5a   0x0000002e   Code   RO         9386    x$fpl$dflt          fz_wm.l(dflt_clz.o)
    0x08008b88   0x08008b88   0x00000026   Code   RO         9385    x$fpl$dfltu         fz_wm.l(dflt_clz.o)
    0x08008bae   0x08008bae   0x00000002   PAD
    0x08008bb0   0x08008bb0   0x00000078   Code   RO         9391    x$fpl$dleqf         fz_wm.l(dleqf.o)
    0x08008c28   0x08008c28   0x00000154   Code   RO         9393    x$fpl$dmul          fz_wm.l(dmul.o)
    0x08008d7c   0x08008d7c   0x0000009c   Code   RO         9584    x$fpl$dnaninf       fz_wm.l(dnaninf.o)
    0x08008e18   0x08008e18   0x0000000c   Code   RO         9586    x$fpl$dretinf       fz_wm.l(dretinf.o)
    0x08008e24   0x08008e24   0x0000006c   Code   RO         9395    x$fpl$drleqf        fz_wm.l(drleqf.o)
    0x08008e90   0x08008e90   0x000001d4   Code   RO         9373    x$fpl$dsub          fz_wm.l(daddsub_clz.o)
    0x08009064   0x08009064   0x00000056   Code   RO         9397    x$fpl$f2d           fz_wm.l(f2d.o)
    0x080090ba   0x080090ba   0x00000060   Code   RO         9399    x$fpl$ffltll        fz_wm.l(ffltll_clz.o)
    0x0800911a   0x0800911a   0x0000008c   Code   RO         9588    x$fpl$fnaninf       fz_wm.l(fnaninf.o)
    0x080091a6   0x080091a6   0x0000000a   Code   RO         9709    x$fpl$fpinit        fz_wm.l(fpinit.o)
    0x080091b0   0x080091b0   0x0000000a   Code   RO         9590    x$fpl$fretinf       fz_wm.l(fretinf.o)
    0x080091ba   0x080091ba   0x00000000   Code   RO         9592    x$fpl$usenofp       fz_wm.l(usenofp.o)
    0x080091ba   0x080091ba   0x00000c80   Data   RO          396    .constdata          task_screen.o
    0x08009e3a   0x08009e3a   0x00000002   PAD
    0x08009e3c   0x08009e3c   0x00000050   Data   RO         1517    .constdata          inv_mpu.o
    0x08009e8c   0x08009e8c   0x00000bf6   Data   RO         1827    .constdata          inv_mpu_dmp_motion_driver.o
    0x0800aa82   0x0800aa82   0x00000122   Data   RO         8616    .constdata          kservice.o
    0x0800aba4   0x0800aba4   0x00000018   Data   RO         1075    .constdata__ZTV10UART0_F450  uart_f450.o
    0x0800abbc   0x0800abbc   0x00000018   Data   RO         1077    .constdata__ZTV10UART1_F450  uart_f450.o
    0x0800abd4   0x0800abd4   0x00000020   Data   RO          703    .constdata__ZTV2IO  io_f450.o
    0x0800abf4   0x0800abf4   0x00000010   Data   RO          539    .constdata__ZTV3ADC  bsp_f450.o
    0x0800ac04   0x0800ac04   0x00000018   Data   RO          541    .constdata__ZTV3TIM  bsp_f450.o
    0x0800ac1c   0x0800ac1c   0x00000018   Data   RO          537    .constdata__ZTV4UART  bsp_f450.o
    0x0800ac34   0x0800ac34   0x00000020   Data   RO          701    .constdata__ZTV7IO_F450  io_f450.o
    0x0800ac54   0x0800ac54   0x00000010   Data   RO          787    .constdata__ZTV9ADC0_F450  adc_f450.o
    0x0800ac64   0x0800ac64   0x00000018   Data   RO          878    .constdata__ZTV9TIM0_F450  tim_f450.o
    0x0800ac7c   0x0800ac7c   0x00000018   Data   RO          874    .constdata__ZTV9TIM2_F450  tim_f450.o
    0x0800ac94   0x0800ac94   0x00000018   Data   RO          876    .constdata__ZTV9TIM3_F450  tim_f450.o
    0x0800acac   0x0800acac   0x00000018   Data   RO          872    .constdata__ZTV9TIM8_F450  tim_f450.o
    0x0800acc4   0x0800acc4   0x00000004   Data   RO         8331    .rti_fn.0           components.o
    0x0800acc8   0x0800acc8   0x00000004   Data   RO         8332    .rti_fn.0.end       components.o
    0x0800accc   0x0800accc   0x00000004   Data   RO         8333    .rti_fn.1.end       components.o
    0x0800acd0   0x0800acd0   0x00000004   Data   RO         8334    .rti_fn.6.end       components.o
    0x0800acd4   0x0800acd4   0x00000020   Data   RO         9845    Region$$Table       anon$$obj.o
    0x0800acf4   0x0800acf4   0x00000004   Data   RO           10    .init_array         main.o
    0x0800acf8   0x0800acf4   0x00000000   Data   RO         9254    .init_array         c_w.l(init_aeabi.o)


    Execution Region RW_IRAM1 (Exec base: 0x20000000, Load base: 0x0800acf8, Size: 0x00007208, Max: 0x00030000, ABSOLUTE, COMPRESSED[0x00000274])

    Exec Addr    Load Addr    Size         Type   Attr      Idx    E Section Name        Object

    0x20000000   COMPRESSED   0x0000000c   Data   RW            9    .data               main.o
    0x2000000c   COMPRESSED   0x00000114   Data   RW          328    .data               task_balance.o
    0x20000120   COMPRESSED   0x00000f96   Data   RW          435    .data               task_music.o
    0x200010b6   COMPRESSED   0x00000001   Data   RW          816    .data               tim_f450.o
    0x200010b7   COMPRESSED   0x00000001   PAD
    0x200010b8   COMPRESSED   0x00000039   Data   RW         1324    .data               mpu9250.o
    0x200010f1   COMPRESSED   0x00000003   PAD
    0x200010f4   COMPRESSED   0x0000002c   Data   RW         1518    .data               inv_mpu.o
    0x20001120   COMPRESSED   0x00000004   Data   RW         2559    .data               system_gd32f4xx.o
    0x20001124   COMPRESSED   0x00000010   Data   RW         8228    .data               cpuport.o
    0x20001134   COMPRESSED   0x00000004   Data   RW         8285    .data               clock.o
    0x20001138   COMPRESSED   0x00000001   Data   RW         8567    .data               irq.o
    0x20001139   COMPRESSED   0x00000003   PAD
    0x2000113c   COMPRESSED   0x00000018   Data   RW         8757    .data               mem.o
    0x20001154   COMPRESSED   0x00000040   Data   RW         8818    .data               object.o
    0x20001194   COMPRESSED   0x00000018   Data   RW         8902    .data               scheduler.o
    0x200011ac   COMPRESSED   0x0000000c   Data   RW         9109    .data               timer.o
    0x200011b8        -       0x000000a8   Zero   RW            8    .bss                main.o
    0x20001260        -       0x0000009c   Zero   RW          327    .bss                task_balance.o
    0x200012fc        -       0x00000010   Zero   RW         1826    .bss                inv_mpu_dmp_motion_driver.o
    0x2000130c        -       0x00000178   Zero   RW         8393    .bss                idle.o
    0x20001484        -       0x00000020   Zero   RW         8756    .bss                mem.o
    0x200014a4        -       0x00000100   Zero   RW         8901    .bss                scheduler.o
    0x200015a4        -       0x00003c00   Zero   RW         9208    .bss                board.o
    0x200051a4        -       0x00000060   Zero   RW         9610    .bss                c_w.l(libspace.o)
    0x20005204   COMPRESSED   0x00000004   PAD
    0x20005208        -       0x00001000   Zero   RW         2599    HEAP                startup_gd32f450.o
    0x20006208        -       0x00001000   Zero   RW         2598    STACK               startup_gd32f450.o


==============================================================================

Image component sizes


      Code (inc. data)   RO Data    RW Data    ZI Data      Debug   Object Name

       548         30         16          0          0       1256   adc_f450.o
        74          8          0          0      15360       3025   board.o
       682         54         64          0          0      11300   bsp_f450.o
       116         12          0          4          0       1804   clock.o
       186         30         16          0          0       6076   components.o
       308         28          0          0          0        892   context_rvds.o
       124         10          0         16          0       9074   cpuport.o
       654         16          0          0          0       8838   gd32f4xx_adc.o
      1316          4          0          0          0       7798   gd32f4xx_dma.o
       268          0          0          0          0       4484   gd32f4xx_gpio.o
       298         44          0          0          0      73565   gd32f4xx_it.o
       216         20          0          0          0       1504   gd32f4xx_misc.o
       436         44          0          0          0       4251   gd32f4xx_rcu.o
      1824         52          0          0          0      12785   gd32f4xx_timer.o
       590         18          0          0          0       7486   gd32f4xx_usart.o
       164         26          0          0        376       5146   idle.o
      5770        236         80         44          0      27812   inv_mpu.o
      3128        138       3062          0         16      21330   inv_mpu_dmp_motion_driver.o
       266         22         64          0          0       6480   io_f450.o
       418          0          0          0          0       8557   ipc.o
        64         12          0          1          0       1606   irq.o
       202          6        290          0          0       5404   kservice.o
       104          0          0          0          0       1806   lcd.o
       736         16          0          0          0       3582   lcd_spi.o
       260         54          4         12        168      28482   main.o
       780         92          0         24         32       3948   mem.o
      1296         70          0         57          0       9715   mpu9250.o
      1284         64          0          0          0       9019   mpu_iic.o
       326          4          0         64          0       8396   object.o
       154          0          0          0          0       4156   os.o
        68         22          0          0          0       2005   os_timer.o
       526         90          0         24        256       8650   scheduler.o
        64         26        428          0       8192        940   startup_gd32f450.o
       460         28          0          4          0       2759   system_gd32f4xx.o
       120         14          0          0          0      31184   systick.o
      1764        232          0        276        156       9302   task_balance.o
        56         20          0          0          0        928   task_mpu.o
       276         42          0       3990          0       2955   task_music.o
       892        100       3200          0          0       2160   task_screen.o
       904         44          0          0          0      13475   thread.o
      1548         86         96          1          0      26950   tim_f450.o
       864         24          0         12          0      12766   timer.o
       760         28         48          0          0      12560   uart_f450.o

    ----------------------------------------------------------------------
     30944       1866       7402       4536      24556     426211   Object Totals
         0          0         32          0          0          0   (incl. Generated)
        50          0          2          7          0          0   (incl. Padding)

    ----------------------------------------------------------------------

      Code (inc. data)   RO Data    RW Data    ZI Data      Debug   Library Member Name

       100          0          0          0          0          0   __dclz77c.o
         8          0          0          0          0         68   __main.o
         0          0          0          0          0          0   __rtentry.o
        12          0          0          0          0          0   __rtentry2.o
         6          0          0          0          0          0   __rtentry4.o
        52          8          0          0          0          0   __scatter.o
        28          0          0          0          0          0   __scatter_zi.o
        22          0          0          0          0        100   _rserrno.o
        22          0          0          0          0         80   abort.o
        16          0          0          0          0         68   aeabi_memset.o
        48         34          0          0          0         76   defsig_abrt_inner.o
        14          0          0          0          0         80   defsig_abrt_outer.o
        10          0          0          0          0         68   defsig_exit.o
        50          0          0          0          0         88   defsig_general.o
        80         58          0          0          0         76   defsig_rtmem_inner.o
        14          0          0          0          0         80   defsig_rtmem_outer.o
        18          0          0          0          0         80   exit.o
        94          0          0          0          0         80   h1_alloc.o
        52          0          0          0          0         68   h1_extend.o
        78          0          0          0          0         80   h1_free.o
        14          0          0          0          0         84   h1_init.o
         6          0          0          0          0        152   heapauxi.o
         4          0          0          0          0        136   hguard.o
         0          0          0          0          0          0   indicate_semi.o
        36         10          0          0          0         80   init_aeabi.o
       138          0          0          0          0        168   init_alloc.o
         2          0          0          0          0          0   libinit.o
        18          0          0          0          0          0   libinit2.o
         2          0          0          0          0          0   libshutdown.o
         2          0          0          0          0          0   libshutdown2.o
         8          4          0          0         96         68   libspace.o
        72          0          0          0          0         76   llsdiv.o
       238          0          0          0          0        100   lludivv7m.o
         0          0          0          0          0          0   maybetermalloc1.o
        88          0          0          0          0         76   memcmp.o
         8          4          0          0          0         68   rt_eh_globals_addr_intlibspace.o
         8          4          0          0          0         68   rt_errno_addr_intlibspace.o
         8          4          0          0          0         68   rt_heap_descriptor_intlibspace.o
        68          0          0          0          0         68   rt_memclr.o
        78          0          0          0          0         80   rt_memclr_w.o
         8          4          0          0          0         68   rt_new_handler_addr_intlibspace.o
         2          0          0          0          0          0   rtexit.o
        10          0          0          0          0          0   rtexit2.o
        12          4          0          0          0         68   sys_exit.o
        74          0          0          0          0         80   sys_stackheap_outer.o
        14          0          0          0          0         76   sys_wrch.o
         2          0          0          0          0         68   use_no_semi.o
        80         12          0          0          0        104   arm_exceptions_globs.o
        60          0          0          0          0        108   arm_exceptions_mem.o
        26          0          0          0          0         76   arm_exceptions_terminate.o
         4          0          0          0          0         68   arm_newhandler_noexceptions.o
        40          6          0          0          0         76   new.o
        98          4          0          0          0        140   d2f.o
       804         16          0          0          0        368   daddsub_clz.o
        24          0          0          0          0        116   dcmpi.o
       688        140          0          0          0        256   ddiv.o
        94          4          0          0          0        140   dfix.o
        84          0          0          0          0        232   dflt_clz.o
       120          4          0          0          0        140   dleqf.o
       340         12          0          0          0        152   dmul.o
       156          4          0          0          0        140   dnaninf.o
        12          0          0          0          0        116   dretinf.o
       108          0          0          0          0        128   drleqf.o
        86          4          0          0          0        132   f2d.o
        96          0          0          0          0        132   ffltll_clz.o
       140          4          0          0          0        132   fnaninf.o
        10          0          0          0          0        116   fpinit.o
        10          0          0          0          0        116   fretinf.o
         0          0          0          0          0          0   usenofp.o
       300         42          0          0          0        176   asinf.o
       684         90          0          0          0        208   atan2f.o
        38          0          0          0          0        116   fpclassifyf.o
        44         12          0          0          0        464   funder.o
       120          0          0          0          0        272   sqrtf.o

    ----------------------------------------------------------------------
      5934        488          0          0        100       6968   Library Totals
        24          0          0          0          4          0   (incl. Padding)

    ----------------------------------------------------------------------

      Code (inc. data)   RO Data    RW Data    ZI Data      Debug   Library Name

      1644        134          0          0         96       2744   c_w.l
       210         18          0          0          0        432   cpprt_w.l
      2870        192          0          0          0       2556   fz_wm.l
      1186        144          0          0          0       1236   m_wm.l

    ----------------------------------------------------------------------
      5934        488          0          0        100       6968   Library Totals

    ----------------------------------------------------------------------

==============================================================================


      Code (inc. data)   RO Data    RW Data    ZI Data      Debug   

     36878       2354       7402       4536      24656     397959   Grand Totals
     36878       2354       7402        628      24656     397959   ELF Image Totals (compressed)
     36878       2354       7402        628          0          0   ROM Totals

==============================================================================

    Total RO  Size (Code + RO Data)                44280 (  43.24kB)
    Total RW  Size (RW Data + ZI Data)             29192 (  28.51kB)
    Total ROM Size (Code + RO Data + RW Data)      44908 (  43.86kB)

==============================================================================

